 _epl

 Timestamp is 48e634b2 (Fri Oct 03 09:05:22 2008)

 Preferred load address is 10000000

 Start         Length     Name                   Class
 0001:00000000 00092ce9H .textbss                DATA
 0002:00000000 0012a916H .text                   CODE
 0002:0012a920 00001460H .text$x                 CODE
 0002:0012bd80 00001023H .text$yc                CODE
 0002:0012cdb0 0000105bH .text$yd                CODE
 0003:00000000 00000104H .CRT$XCA                DATA
 0003:00000104 00000104H .CRT$XCC                DATA
 0003:00000208 00000104H .CRT$XCZ                DATA
 0003:0000030c 00000104H .CRT$XIA                DATA
 0003:00000410 00000118H .CRT$XIC                DATA
 0003:00000528 00000104H .CRT$XIY                DATA
 0003:0000062c 00000104H .CRT$XIZ                DATA
 0003:00000730 00000104H .CRT$XPA                DATA
 0003:00000834 00000109H .CRT$XPX                DATA
 0003:00000940 00000104H .CRT$XPXA               DATA
 0003:00000a44 00000104H .CRT$XPZ                DATA
 0003:00000b48 00000104H .CRT$XTA                DATA
 0003:00000c4c 00000104H .CRT$XTB                DATA
 0003:00000d50 00000104H .CRT$XTZ                DATA
 0003:00000e60 0005edf9H .rdata                  DATA
 0003:0005fc5c 00000174H .rdata$debug            DATA
 0003:0005fdd0 000006e9H .rdata$r                DATA
 0003:000604bc 00000104H .rtc$IAA                DATA
 0003:000605c0 00000173H .rtc$IMZ                DATA
 0003:00060734 00000104H .rtc$IZZ                DATA
 0003:00060838 00000104H .rtc$TAA                DATA
 0003:0006093c 00000173H .rtc$TMZ                DATA
 0003:00060ab0 00000104H .rtc$TZZ                DATA
 0003:00060bb8 000015ceH .xdata$x                DATA
 0003:00062190 00000b2dH .edata                  DATA
 0004:00000000 00009954H .data                   DATA
 0004:00009960 00006504H .bss                    DATA
 0005:00000000 0000008cH .idata$2                DATA
 0005:0000008c 00000014H .idata$3                DATA
 0005:000000a0 000004bcH .idata$4                DATA
 0005:0000055c 000004bcH .idata$5                DATA
 0005:00000a18 00001107H .idata$6                DATA
 0006:00000000 00000169H .rsrc$01                DATA
 0006:00000170 00000a99H .rsrc$02                DATA

  Address         Publics by Value              Rva+Base       Lib:Object

 0000:00000000       __except_list              00000000     <absolute>
 0000:00000000       ___safe_se_handler_table   00000000     <absolute>
 0000:00000000       ___safe_se_handler_count   00000000     <absolute>
 0000:00000000       ___ImageBase               10000000     <linker-defined>
 0001:00000000       __enc$textbss$begin        10001000     <linker-defined>
 0001:00092ce9       __enc$textbss$end          10093ce9     <linker-defined>
 0002:00004360       _crc_algorithm             10098360 f   arith.obj
 0002:00004470       _sum                       10098470 f   arith.obj
 0002:00004510       _fromInternalTime          10098510 f   arith.obj
 0002:000045d0       _toInternalTime            100985d0 f   arith.obj
 0002:00004690       _normalizeTime             10098690 f   arith.obj
 0002:00004790       _addTime                   10098790 f   arith.obj
 0002:00004810       _subTime                   10098810 f   arith.obj
 0002:00004890       _initData                  10098890 f   bmc.obj
 0002:00004ab0       _m1                        10098ab0 f   bmc.obj
 0002:00004c60       _s1                        10098c60 f   bmc.obj
 0002:00004e70       _copyD0                    10098e70 f   bmc.obj
 0002:00004fd0       _getIdentifierOrder        10098fd0 f   bmc.obj
 0002:00005110       _bmcDataSetComparison      10099110 f   bmc.obj
 0002:00005670       _bmcStateDecision          10099670 f   bmc.obj
 0002:00005810       _bmc                       10099810 f   bmc.obj
 0002:00005980       _PTPEnable                 10099980 f   epl_1588.obj
 0002:000059f0       _PTPSetTriggerConfig       100999f0 f   epl_1588.obj
 0002:00005af0       _PTPSetEventConfig         10099af0 f   epl_1588.obj
 0002:00005bd0       _PTPSetTransmitConfig      10099bd0 f   epl_1588.obj
 0002:00005d60       _PTPSetPhyStatusFrameConfig 10099d60 f   epl_1588.obj
 0002:00006100       _PTPSetReceiveConfig       1009a100 f   epl_1588.obj
 0002:000064f0       _PTPCalcSourceIdHash       1009a4f0 f   epl_1588.obj
 0002:000065d0       _PTPSetTempRateDurationConfig 1009a5d0 f   epl_1588.obj
 0002:00006650       _PTPSetClockConfig         1009a650 f   epl_1588.obj
 0002:00006780       _PTPSetGpioInterruptConfig 1009a780 f   epl_1588.obj
 0002:000067e0       _PTPSetMiscConfig          1009a7e0 f   epl_1588.obj
 0002:00006880       _PTPClockReadCurrent       1009a880 f   epl_1588.obj
 0002:00006980       _PTPClockStepAdjustment    1009a980 f   epl_1588.obj
 0002:00006ac0       _PTPClockSet               1009aac0 f   epl_1588.obj
 0002:00006bc0       _PTPClockSetRateAdjustment 1009abc0 f   epl_1588.obj
 0002:00006ca0       _PTPCheckForEvents         1009aca0 f   epl_1588.obj
 0002:00006d70       _PTPGetTransmitTimestamp   1009ad70 f   epl_1588.obj
 0002:00006e80       _PTPGetReceiveTimestamp    1009ae80 f   epl_1588.obj
 0002:00006fe0       _PTPGetTimestampFromFrame  1009afe0 f   epl_1588.obj
 0002:00007140       _PTPArmTrigger             1009b140 f   epl_1588.obj
 0002:00007330       _PTPHasTriggerExpired      1009b330 f   epl_1588.obj
 0002:000073f0       _PTPCancelTrigger          1009b3f0 f   epl_1588.obj
 0002:00007480       _PTPGetEvent               1009b480 f   epl_1588.obj
 0002:00007730       _MonitorGpioSignals        1009b730 f   epl_1588.obj
 0002:00007790       _IsPhyStatusFrame          1009b790 f   epl_1588.obj
 0002:00007950       _ByteSwap16                1009b950 f   epl_1588.obj
 0002:000079c0       _ByteSwap32                1009b9c0 f   epl_1588.obj
 0002:00007a50       _intGetNextPhyMessage      1009ba50 f   epl_1588.obj
 0002:00008220       _GetNextPhyMessage         1009c220 f   epl_1588.obj
 0002:00008280       _EPLBistStartTxTest        1009c280 f   epl_bist.obj
 0002:00008320       _EPLBistStopTxTest         1009c320 f   epl_bist.obj
 0002:000083a0       _EPLBistGetStatus          1009c3a0 f   epl_bist.obj
 0002:00008430       _EPLInitialize             1009c430 f   epl_core.obj
 0002:00008470       _EPLDeinitialize           1009c470 f   epl_core.obj
 0002:00008610       _EPLEnumDevice             1009c610 f   epl_core.obj
 0002:00008c30       _EPLGetDeviceInfo          1009cc30 f   epl_core.obj
 0002:00008c70       _EPLIsDeviceCapable        1009cc70 f   epl_core.obj
 0002:00008cc0       _EPLResetDevice            1009ccc0 f   epl_core.obj
 0002:00008d90       _EPLEnumPort               1009cd90 f   epl_core.obj
 0002:00008e10       _EPLSetMgmtInterfaceConfig 1009ce10 f   epl_core.obj
 0002:00008f30       _EPLGetDeviceHandle        1009cf30 f   epl_core.obj
 0002:00008f70       _IntWriteReg               1009cf70 f   epl_core.obj
 0002:000091a0       _EPLReadReg                1009d1a0 f   epl_core.obj
 0002:00009410       _EPLWriteReg               1009d410 f   epl_core.obj
 0002:000094a0       _EPLGetPortMdioAddress     1009d4a0 f   epl_core.obj
 0002:000094e0       _EPLSetPortPowerMode       1009d4e0 f   epl_core.obj
 0002:000095a0       _EPLIsLinkUp               1009d5a0 f   epl_link.obj
 0002:00009600       _EPLGetLinkStatus          1009d600 f   epl_link.obj
 0002:000097e0       _EPLSetLinkConfig          1009d7e0 f   epl_link.obj
 0002:00009ab0       _EPLSetLoopbackMode        1009dab0 f   epl_link.obj
 0002:00009b90       _EPLRestartAutoNeg         1009db90 f   epl_link.obj
 0002:00009bf0       _EPLGetMiiConfig           1009dbf0 f   epl_miiconfig.obj
 0002:00009e20       _EPLSetMiiConfig           1009de20 f   epl_miiconfig.obj
 0002:00009f90       _EPLGetCableStatus         1009df90 f   epl_quality.obj
 0002:0000a230       _EPLDspGetLinkQualityInfo  1009e230 f   epl_quality.obj
 0002:0000a6b0       _EPLDspSetLinkQualityConfig 1009e6b0 f   epl_quality.obj
 0002:0000a980       _EPLGetTDRPulseShape       1009e980 f   epl_tdr.obj
 0002:0000ab90       _EPLGetTDRCableInfo        1009eb90 f   epl_tdr.obj
 0002:0000af50       _EPLGatherTDRInfo          1009ef50 f   epl_tdr.obj
 0002:0000b280       _EPLInitTDR                1009f280 f   epl_tdr.obj
 0002:0000b320       _EPLDeinitTDR              1009f320 f   epl_tdr.obj
 0002:0000b3b0       _EPLMeasureTDRBaseline     1009f3b0 f   epl_tdr.obj
 0002:0000b4a0       _EPLShortTDRPulseRun       1009f4a0 f   epl_tdr.obj
 0002:0000b640       _EPLLongTDRPulseRun        1009f640 f   epl_tdr.obj
 0002:0000b790       _EPLRunTDR                 1009f790 f   epl_tdr.obj
 0002:000abf00       _init_epl                  1013ff00 f   epl_wrap.obj
 0002:000b5e20       _ifCyUSB_Init              10149e20 f   ifCyUSB.obj
 0002:000b6080       ??_GCCyUSBDevice@@QAEPAXI@Z 1014a080 f i ifCyUSB.obj
 0002:000b60f0       _ifCyUSB_DeInit            1014a0f0 f   ifCyUSB.obj
 0002:000b6190       _ifCyUSB_ReadMDIO          1014a190 f   ifCyUSB.obj
 0002:000b62f0       _ifCyUSB_WriteMDIO         1014a2f0 f   ifCyUSB.obj
 0002:000b6440       ?ConvertStringtoCLSID@@YAJPADPAU_GUID@@@Z 1014a440 f   ifCyUSB.obj
 0002:000b65e0       ?allocate@?$_DebugHeapAllocator@D@std@@QAAPADIPBX@Z 1014a5e0 f i ifCyUSB.obj
 0002:000b66a0       ??0bad_alloc@std@@QAE@PBD@Z 1014a6a0 f i ifCyUSB.obj
 0002:000b6710       ??1bad_alloc@std@@UAE@XZ   1014a710 f i ifCyUSB.obj
 0002:000b6770       ??_Gbad_alloc@std@@UAEPAXI@Z 1014a770 f i ifCyUSB.obj
 0002:000b6770       ??_Ebad_alloc@std@@UAEPAXI@Z 1014a770 f i ifCyUSB.obj
 0002:000b67e0       ?allocate@?$_DebugHeapAllocator@D@std@@QAEPADI@Z 1014a7e0 f i ifCyUSB.obj
 0002:000b68a0       ?deallocate@?$_DebugHeapAllocator@D@std@@QAEXPADI@Z 1014a8a0 f i ifCyUSB.obj
 0002:000b6900       ??0bad_alloc@std@@QAE@ABV01@@Z 1014a900 f i ifCyUSB.obj
 0002:000b6970       ??0?$_DebugHeapAllocator@D@std@@QAE@XZ 1014a970 f i ifCyUSB.obj
 0002:000b69d0       ??0?$_DebugHeapAllocator@D@std@@QAE@ABV01@@Z 1014a9d0 f i ifCyUSB.obj
 0002:000b6a30       ??0?$allocator@D@std@@QAE@XZ 1014aa30 f i ifCyUSB.obj
 0002:000b6a70       ??0?$allocator@D@std@@QAE@ABV01@@Z 1014aa70 f i ifCyUSB.obj
 0002:000b6ab0       ??$_DebugHeapDelete@X@std@@YAXPAX@Z 1014aab0 f i ifCyUSB.obj
 0002:000b6b10       _ifLPTReadReg              1014ab10 f   ifLPT.obj
 0002:000b6cd0       _ifLPTWriteReg             1014acd0 f   ifLPT.obj
 0002:000b6db0       _ifLPTMdioReadBit          1014adb0 f   ifLPT.obj
 0002:000b6f30       _ifLPTMdioWriteBit         1014af30 f   ifLPT.obj
 0002:000b70a0       _msgPeek                   1014b0a0 f   msg.obj
 0002:000b70e0       _msgUnpackHeader           1014b0e0 f   msg.obj
 0002:000b7240       _msgUnpackSync             1014b240 f   msg.obj
 0002:000b7530       _msgUnpackDelayReq         1014b530 f   msg.obj
 0002:000b7560       _msgUnpackFollowUp         1014b560 f   msg.obj
 0002:000b7610       _msgUnpackDelayResp        1014b610 f   msg.obj
 0002:000b7710       _msgUnpackManagement       1014b710 f   msg.obj
 0002:000b7860       _msgUnloadManagement       1014b860 f   msg.obj
 0002:000b7c90       _msgUnpackManagementPayload 1014bc90 f   msg.obj
 0002:000b8520       _msgPackHeader             1014c520 f   msg.obj
 0002:000b8660       _msgPackSync               1014c660 f   msg.obj
 0002:000b8b20       _msgPackDelayReq           1014cb20 f   msg.obj
 0002:000b8fe0       _msgPackFollowUp           1014cfe0 f   msg.obj
 0002:000b9120       _msgPackDelayResp          1014d120 f   msg.obj
 0002:000b92c0       _msgPackManagement         1014d2c0 f   msg.obj
 0002:000b94c0       _msgPackManagementResponse 1014d4c0 f   msg.obj
 0002:000ba360       _lookupSubdomainAddress    1014e360 f   net.obj
 0002:000ba550       _lookupCommunicationTechnology 1014e550 f   net.obj
 0002:000ba590       _findIface                 1014e590 f   net.obj
 0002:000ba5c0       _netInit                   1014e5c0 f   net.obj
 0002:000ba7c0       _netShutdown               1014e7c0 f   net.obj
 0002:000ba800       _netSelect                 1014e800 f   net.obj
 0002:000ba830       _netRecvEvent              1014e830 f   net.obj
 0002:000bb1f0       _netRecvGeneral            1014f1f0 f   net.obj
 0002:000bb220       _SendAPacket               1014f220 f   net.obj
 0002:000bb470       _netSendEvent              1014f470 f   net.obj
 0002:000bb4f0       _netSendGeneral            1014f4f0 f   net.obj
 0002:000bb580       _DllMain@12                1014f580 f   nscphyter1588.obj
 0002:000bb850       ?StringCbCatA@@YGJPADIPBD@Z 1014f850 f i nscphyter1588.obj
 0002:000bb8d0       ?StringCatWorkerA@@YGJPADIPBD@Z 1014f8d0 f i nscphyter1588.obj
 0002:000bb9a0       ?StringCopyWorkerA@@YGJPADIPBD@Z 1014f9a0 f i nscphyter1588.obj
 0002:000bba60       ?StringLengthWorkerA@@YGJPBDIPAI@Z 1014fa60 f i nscphyter1588.obj
 0002:000bbb10       _OAIInitialize             1014fb10 f   oai.obj
 0002:000bbb40       _OAIAlloc                  1014fb40 f   oai.obj
 0002:000bbb90       _OAIFree                   1014fb90 f   oai.obj
 0002:000bbbe0       _OAICreateMutex            1014fbe0 f   oai.obj
 0002:000bbc40       _OAIReleaseMutex           1014fc40 f   oai.obj
 0002:000bbca0       _OAIBeginCriticalSection   1014fca0 f   oai.obj
 0002:000bbd00       _OAIEndCriticalSection     1014fd00 f   oai.obj
 0002:000bbd50       _OAIBeginRegCriticalSection 1014fd50 f   oai.obj
 0002:000bbdb0       _OAIEndRegCriticalSection  1014fdb0 f   oai.obj
 0002:000bbe10       _OAIBeginMultiCriticalSection 1014fe10 f   oai.obj
 0002:000bbe70       _OAIEndMultiCriticalSection 1014fe70 f   oai.obj
 0002:000bbed0       _OAIManagementError        1014fed0 f   oai.obj
 0002:000bbf00       ?to_bool@okCPLL22150@@AAE_NH@Z 1014ff00 f   okFrontPanelDLL.obj
 0002:000bbf40       ?from_bool@okCPLL22150@@AAEH_N@Z 1014ff40 f   okFrontPanelDLL.obj
 0002:000bbf90       ??0okCPLL22150@@QAE@XZ     1014ff90 f   okFrontPanelDLL.obj
 0002:000bbff0       ?SetCrystalLoad@okCPLL22150@@QAEXN@Z 1014fff0 f   okFrontPanelDLL.obj
 0002:000bc050       ?SetReference@okCPLL22150@@QAEXN_N@Z 10150050 f   okFrontPanelDLL.obj
 0002:000bc0c0       ?GetReference@okCPLL22150@@QAENXZ 101500c0 f   okFrontPanelDLL.obj
 0002:000bc120       ?SetVCOParameters@okCPLL22150@@QAE_NHH@Z 10150120 f   okFrontPanelDLL.obj
 0002:000bc190       ?GetVCOP@okCPLL22150@@QAEHXZ 10150190 f   okFrontPanelDLL.obj
 0002:000bc1f0       ?GetVCOQ@okCPLL22150@@QAEHXZ 101501f0 f   okFrontPanelDLL.obj
 0002:000bc250       ?GetVCOFrequency@okCPLL22150@@QAENXZ 10150250 f   okFrontPanelDLL.obj
 0002:000bc2b0       ?SetDiv1@okCPLL22150@@QAEXW4DividerSource@1@H@Z 101502b0 f   okFrontPanelDLL.obj
 0002:000bc310       ?SetDiv2@okCPLL22150@@QAEXW4DividerSource@1@H@Z 10150310 f   okFrontPanelDLL.obj
 0002:000bc370       ?GetDiv1Source@okCPLL22150@@QAE?AW4DividerSource@1@XZ 10150370 f   okFrontPanelDLL.obj
 0002:000bc3d0       ?GetDiv2Source@okCPLL22150@@QAE?AW4DividerSource@1@XZ 101503d0 f   okFrontPanelDLL.obj
 0002:000bc430       ?GetDiv1Divider@okCPLL22150@@QAEHXZ 10150430 f   okFrontPanelDLL.obj
 0002:000bc490       ?GetDiv2Divider@okCPLL22150@@QAEHXZ 10150490 f   okFrontPanelDLL.obj
 0002:000bc4f0       ?SetOutputSource@okCPLL22150@@QAEXHW4ClockSource@1@@Z 101504f0 f   okFrontPanelDLL.obj
 0002:000bc550       ?SetOutputEnable@okCPLL22150@@QAEXH_N@Z 10150550 f   okFrontPanelDLL.obj
 0002:000bc5c0       ?GetOutputSource@okCPLL22150@@QAE?AW4ClockSource@1@H@Z 101505c0 f   okFrontPanelDLL.obj
 0002:000bc620       ?GetOutputFrequency@okCPLL22150@@QAENH@Z 10150620 f   okFrontPanelDLL.obj
 0002:000bc680       ?IsOutputEnabled@okCPLL22150@@QAE_NH@Z 10150680 f   okFrontPanelDLL.obj
 0002:000bc6f0       ?InitFromProgrammingInfo@okCPLL22150@@QAEXPAE@Z 101506f0 f   okFrontPanelDLL.obj
 0002:000bc750       ?GetProgrammingInfo@okCPLL22150@@QAEXPAE@Z 10150750 f   okFrontPanelDLL.obj
 0002:000bc7b0       ?to_bool@okCPLL22393@@AAE_NH@Z 101507b0 f   okFrontPanelDLL.obj
 0002:000bc7f0       ?from_bool@okCPLL22393@@AAEH_N@Z 101507f0 f   okFrontPanelDLL.obj
 0002:000bc840       ??0okCPLL22393@@QAE@XZ     10150840 f   okFrontPanelDLL.obj
 0002:000bc8a0       ?SetCrystalLoad@okCPLL22393@@QAEXN@Z 101508a0 f   okFrontPanelDLL.obj
 0002:000bc900       ?SetReference@okCPLL22393@@QAEXN@Z 10150900 f   okFrontPanelDLL.obj
 0002:000bc960       ?GetReference@okCPLL22393@@QAENXZ 10150960 f   okFrontPanelDLL.obj
 0002:000bc9c0       ?SetPLLParameters@okCPLL22393@@QAE_NHHH_N@Z 101509c0 f   okFrontPanelDLL.obj
 0002:000bca40       ?SetPLLLF@okCPLL22393@@QAE_NHH@Z 10150a40 f   okFrontPanelDLL.obj
 0002:000bcab0       ?SetOutputDivider@okCPLL22393@@QAE_NHH@Z 10150ab0 f   okFrontPanelDLL.obj
 0002:000bcb20       ?SetOutputSource@okCPLL22393@@QAE_NHW4ClockSource@1@@Z 10150b20 f   okFrontPanelDLL.obj
 0002:000bcb90       ?SetOutputEnable@okCPLL22393@@QAEXH_N@Z 10150b90 f   okFrontPanelDLL.obj
 0002:000bcc00       ?GetPLLP@okCPLL22393@@QAEHH@Z 10150c00 f   okFrontPanelDLL.obj
 0002:000bcc60       ?GetPLLQ@okCPLL22393@@QAEHH@Z 10150c60 f   okFrontPanelDLL.obj
 0002:000bccc0       ?GetPLLFrequency@okCPLL22393@@QAENH@Z 10150cc0 f   okFrontPanelDLL.obj
 0002:000bcd20       ?GetOutputDivider@okCPLL22393@@QAEHH@Z 10150d20 f   okFrontPanelDLL.obj
 0002:000bcd80       ?GetOutputSource@okCPLL22393@@QAE?AW4ClockSource@1@H@Z 10150d80 f   okFrontPanelDLL.obj
 0002:000bcde0       ?GetOutputFrequency@okCPLL22393@@QAENH@Z 10150de0 f   okFrontPanelDLL.obj
 0002:000bce40       ?IsOutputEnabled@okCPLL22393@@QAE_NH@Z 10150e40 f   okFrontPanelDLL.obj
 0002:000bceb0       ?IsPLLEnabled@okCPLL22393@@QAE_NH@Z 10150eb0 f   okFrontPanelDLL.obj
 0002:000bcf20       ?InitFromProgrammingInfo@okCPLL22393@@QAEXPAE@Z 10150f20 f   okFrontPanelDLL.obj
 0002:000bcf80       ?GetProgrammingInfo@okCPLL22393@@QAEXPAE@Z 10150f80 f   okFrontPanelDLL.obj
 0002:000bcfe0       ?to_bool@okCUsbFrontPanel@@AAE_NH@Z 10150fe0 f   okFrontPanelDLL.obj
 0002:000bd020       ?from_bool@okCUsbFrontPanel@@AAEH_N@Z 10151020 f   okFrontPanelDLL.obj
 0002:000bd070       ??0okCUsbFrontPanel@@QAE@XZ 10151070 f   okFrontPanelDLL.obj
 0002:000bd0d0       ??1okCUsbFrontPanel@@QAE@XZ 101510d0 f   okFrontPanelDLL.obj
 0002:000bd130       ?Has16BitHostInterface@okCUsbFrontPanel@@QAE_NXZ 10151130 f   okFrontPanelDLL.obj
 0002:000bd190       ?IsHighSpeed@okCUsbFrontPanel@@QAE_NXZ 10151190 f   okFrontPanelDLL.obj
 0002:000bd1f0       ?GetBoardModel@okCUsbFrontPanel@@QAE?AW4BoardModel@1@XZ 101511f0 f   okFrontPanelDLL.obj
 0002:000bd250       ?GetDeviceCount@okCUsbFrontPanel@@QAEHXZ 10151250 f   okFrontPanelDLL.obj
 0002:000bd2b0       ?GetDeviceListModel@okCUsbFrontPanel@@QAE?AW4BoardModel@1@H@Z 101512b0 f   okFrontPanelDLL.obj
 0002:000bd310       ?GetDeviceListSerial@okCUsbFrontPanel@@QAE?AV?$basic_string@DU?$char_traits@D@std@@V?$allocator@D@2@@std@@H@Z 10151310 f   okFrontPanelDLL.obj
 0002:000bd400       ?EnableAsynchronousTransfers@okCUsbFrontPanel@@QAEX_N@Z 10151400 f   okFrontPanelDLL.obj
 0002:000bd470       ?OpenBySerial@okCUsbFrontPanel@@QAE?AW4ErrorCode@1@V?$basic_string@DU?$char_traits@D@std@@V?$allocator@D@2@@std@@@Z 10151470 f   okFrontPanelDLL.obj
 0002:000bd570       ?IsOpen@okCUsbFrontPanel@@QAE_NXZ 10151570 f   okFrontPanelDLL.obj
 0002:000bd5d0       ?GetDeviceMajorVersion@okCUsbFrontPanel@@QAEHXZ 101515d0 f   okFrontPanelDLL.obj
 0002:000bd630       ?GetDeviceMinorVersion@okCUsbFrontPanel@@QAEHXZ 10151630 f   okFrontPanelDLL.obj
 0002:000bd690       ?GetSerialNumber@okCUsbFrontPanel@@QAE?AV?$basic_string@DU?$char_traits@D@std@@V?$allocator@D@2@@std@@XZ 10151690 f   okFrontPanelDLL.obj
 0002:000bd770       ?GetDeviceID@okCUsbFrontPanel@@QAE?AV?$basic_string@DU?$char_traits@D@std@@V?$allocator@D@2@@std@@XZ 10151770 f   okFrontPanelDLL.obj
 0002:000bd850       ?SetDeviceID@okCUsbFrontPanel@@QAEXV?$basic_string@DU?$char_traits@D@std@@V?$allocator@D@2@@std@@@Z 10151850 f   okFrontPanelDLL.obj
 0002:000bd940       ?SetBTPipePollingInterval@okCUsbFrontPanel@@QAE?AW4ErrorCode@1@H@Z 10151940 f   okFrontPanelDLL.obj
 0002:000bd9a0       ?SetTimeout@okCUsbFrontPanel@@QAEXH@Z 101519a0 f   okFrontPanelDLL.obj
 0002:000bda00       ?ResetFPGA@okCUsbFrontPanel@@QAE?AW4ErrorCode@1@XZ 10151a00 f   okFrontPanelDLL.obj
 0002:000bda60       ?ConfigureFPGAFromMemory@okCUsbFrontPanel@@QAE?AW4ErrorCode@1@PAEKP6AXHHPAX@Z1@Z 10151a60 f   okFrontPanelDLL.obj
 0002:000bdac0       ?ConfigureFPGA@okCUsbFrontPanel@@QAE?AW4ErrorCode@1@V?$basic_string@DU?$char_traits@D@std@@V?$allocator@D@2@@std@@P6AXHHPAX@Z1@Z 10151ac0 f   okFrontPanelDLL.obj
 0002:000bdbc0       ?WriteI2C@okCUsbFrontPanel@@QAE?AW4ErrorCode@1@HHPAE@Z 10151bc0 f   okFrontPanelDLL.obj
 0002:000bdc30       ?ReadI2C@okCUsbFrontPanel@@QAE?AW4ErrorCode@1@HHPAE@Z 10151c30 f   okFrontPanelDLL.obj
 0002:000bdca0       ?GetPLL22150Configuration@okCUsbFrontPanel@@QAE?AW4ErrorCode@1@AAVokCPLL22150@@@Z 10151ca0 f   okFrontPanelDLL.obj
 0002:000bdd00       ?SetPLL22150Configuration@okCUsbFrontPanel@@QAE?AW4ErrorCode@1@AAVokCPLL22150@@@Z 10151d00 f   okFrontPanelDLL.obj
 0002:000bdd60       ?GetEepromPLL22150Configuration@okCUsbFrontPanel@@QAE?AW4ErrorCode@1@AAVokCPLL22150@@@Z 10151d60 f   okFrontPanelDLL.obj
 0002:000bddc0       ?SetEepromPLL22150Configuration@okCUsbFrontPanel@@QAE?AW4ErrorCode@1@AAVokCPLL22150@@@Z 10151dc0 f   okFrontPanelDLL.obj
 0002:000bde20       ?GetPLL22393Configuration@okCUsbFrontPanel@@QAE?AW4ErrorCode@1@AAVokCPLL22393@@@Z 10151e20 f   okFrontPanelDLL.obj
 0002:000bde80       ?SetPLL22393Configuration@okCUsbFrontPanel@@QAE?AW4ErrorCode@1@AAVokCPLL22393@@@Z 10151e80 f   okFrontPanelDLL.obj
 0002:000bdee0       ?GetEepromPLL22393Configuration@okCUsbFrontPanel@@QAE?AW4ErrorCode@1@AAVokCPLL22393@@@Z 10151ee0 f   okFrontPanelDLL.obj
 0002:000bdf40       ?SetEepromPLL22393Configuration@okCUsbFrontPanel@@QAE?AW4ErrorCode@1@AAVokCPLL22393@@@Z 10151f40 f   okFrontPanelDLL.obj
 0002:000bdfa0       ?LoadDefaultPLLConfiguration@okCUsbFrontPanel@@QAE?AW4ErrorCode@1@XZ 10151fa0 f   okFrontPanelDLL.obj
 0002:000be000       ?IsFrontPanelEnabled@okCUsbFrontPanel@@QAE_NXZ 10152000 f   okFrontPanelDLL.obj
 0002:000be060       ?IsFrontPanel3Supported@okCUsbFrontPanel@@QAE_NXZ 10152060 f   okFrontPanelDLL.obj
 0002:000be0c0       ?UpdateWireIns@okCUsbFrontPanel@@QAEXXZ 101520c0 f   okFrontPanelDLL.obj
 0002:000be120       ?SetWireInValue@okCUsbFrontPanel@@QAE?AW4ErrorCode@1@HHH@Z 10152120 f   okFrontPanelDLL.obj
 0002:000be190       ?UpdateWireOuts@okCUsbFrontPanel@@QAEXXZ 10152190 f   okFrontPanelDLL.obj
 0002:000be1f0       ?GetWireOutValue@okCUsbFrontPanel@@QAEHH@Z 101521f0 f   okFrontPanelDLL.obj
 0002:000be250       ?ActivateTriggerIn@okCUsbFrontPanel@@QAE?AW4ErrorCode@1@HH@Z 10152250 f   okFrontPanelDLL.obj
 0002:000be2b0       ?UpdateTriggerOuts@okCUsbFrontPanel@@QAEXXZ 101522b0 f   okFrontPanelDLL.obj
 0002:000be310       ?IsTriggered@okCUsbFrontPanel@@QAE_NHH@Z 10152310 f   okFrontPanelDLL.obj
 0002:000be380       ?GetLastTransferLength@okCUsbFrontPanel@@QAEJXZ 10152380 f   okFrontPanelDLL.obj
 0002:000be3e0       ?WriteToPipeIn@okCUsbFrontPanel@@QAEJHJPAE@Z 101523e0 f   okFrontPanelDLL.obj
 0002:000be450       ?ReadFromPipeOut@okCUsbFrontPanel@@QAEJHJPAE@Z 10152450 f   okFrontPanelDLL.obj
 0002:000be4c0       ?WriteToBlockPipeIn@okCUsbFrontPanel@@QAEJHHJPAE@Z 101524c0 f   okFrontPanelDLL.obj
 0002:000be530       ?ReadFromBlockPipeOut@okCUsbFrontPanel@@QAEJHHJPAE@Z 10152530 f   okFrontPanelDLL.obj
 0002:000be5a0       ?okFrontPanelDLL_GetVersionString@@YAPBDXZ 101525a0 f   okFrontPanelDLL.obj
 0002:000be5e0       _okFrontPanelDLL_LoadLib   101525e0 f   okFrontPanelDLL.obj
 0002:000bf100       _okFrontPanelDLL_FreeLib   10153100 f   okFrontPanelDLL.obj
 0002:000bf720       _okFrontPanelDLL_GetVersion@8 10153720 f   okFrontPanelDLL.obj
 0002:000bf790       _okPLL22393_Construct@0    10153790 f   okFrontPanelDLL.obj
 0002:000bf800       _okPLL22393_Destruct@4     10153800 f   okFrontPanelDLL.obj
 0002:000bf870       _okPLL22393_SetCrystalLoad@12 10153870 f   okFrontPanelDLL.obj
 0002:000bf8e0       _okPLL22393_SetReference@12 101538e0 f   okFrontPanelDLL.obj
 0002:000bf950       _okPLL22393_GetReference@4 10153950 f   okFrontPanelDLL.obj
 0002:000bf9c0       _okPLL22393_SetPLLParameters@20 101539c0 f   okFrontPanelDLL.obj
 0002:000bfa40       _okPLL22393_SetPLLLF@12    10153a40 f   okFrontPanelDLL.obj
 0002:000bfac0       _okPLL22393_SetOutputDivider@12 10153ac0 f   okFrontPanelDLL.obj
 0002:000bfb40       _okPLL22393_SetOutputSource@12 10153b40 f   okFrontPanelDLL.obj
 0002:000bfbc0       _okPLL22393_SetOutputEnable@12 10153bc0 f   okFrontPanelDLL.obj
 0002:000bfc30       _okPLL22393_GetPLLP@8      10153c30 f   okFrontPanelDLL.obj
 0002:000bfca0       _okPLL22393_GetPLLQ@8      10153ca0 f   okFrontPanelDLL.obj
 0002:000bfd10       _okPLL22393_GetPLLFrequency@8 10153d10 f   okFrontPanelDLL.obj
 0002:000bfd80       _okPLL22393_GetOutputDivider@8 10153d80 f   okFrontPanelDLL.obj
 0002:000bfdf0       _okPLL22393_GetOutputSource@8 10153df0 f   okFrontPanelDLL.obj
 0002:000bfe60       _okPLL22393_GetOutputFrequency@8 10153e60 f   okFrontPanelDLL.obj
 0002:000bfed0       _okPLL22393_IsOutputEnabled@8 10153ed0 f   okFrontPanelDLL.obj
 0002:000bff40       _okPLL22393_IsPLLEnabled@8 10153f40 f   okFrontPanelDLL.obj
 0002:000bffb0       _okPLL22393_InitFromProgrammingInfo@8 10153fb0 f   okFrontPanelDLL.obj
 0002:000c0020       _okPLL22393_GetProgrammingInfo@8 10154020 f   okFrontPanelDLL.obj
 0002:000c0090       _okPLL22150_Construct@0    10154090 f   okFrontPanelDLL.obj
 0002:000c0100       _okPLL22150_Destruct@4     10154100 f   okFrontPanelDLL.obj
 0002:000c0170       _okPLL22150_SetCrystalLoad@12 10154170 f   okFrontPanelDLL.obj
 0002:000c01e0       _okPLL22150_SetReference@16 101541e0 f   okFrontPanelDLL.obj
 0002:000c0260       _okPLL22150_GetReference@4 10154260 f   okFrontPanelDLL.obj
 0002:000c02d0       _okPLL22150_SetVCOParameters@12 101542d0 f   okFrontPanelDLL.obj
 0002:000c0350       _okPLL22150_GetVCOP@4      10154350 f   okFrontPanelDLL.obj
 0002:000c03c0       _okPLL22150_GetVCOQ@4      101543c0 f   okFrontPanelDLL.obj
 0002:000c0430       _okPLL22150_GetVCOFrequency@4 10154430 f   okFrontPanelDLL.obj
 0002:000c04a0       _okPLL22150_SetDiv1@12     101544a0 f   okFrontPanelDLL.obj
 0002:000c0510       _okPLL22150_SetDiv2@12     10154510 f   okFrontPanelDLL.obj
 0002:000c0580       _okPLL22150_GetDiv1Source@4 10154580 f   okFrontPanelDLL.obj
 0002:000c05f0       _okPLL22150_GetDiv2Source@4 101545f0 f   okFrontPanelDLL.obj
 0002:000c0660       _okPLL22150_GetDiv1Divider@4 10154660 f   okFrontPanelDLL.obj
 0002:000c06d0       _okPLL22150_GetDiv2Divider@4 101546d0 f   okFrontPanelDLL.obj
 0002:000c0740       _okPLL22150_SetOutputSource@12 10154740 f   okFrontPanelDLL.obj
 0002:000c07b0       _okPLL22150_SetOutputEnable@12 101547b0 f   okFrontPanelDLL.obj
 0002:000c0820       _okPLL22150_GetOutputSource@8 10154820 f   okFrontPanelDLL.obj
 0002:000c0890       _okPLL22150_GetOutputFrequency@8 10154890 f   okFrontPanelDLL.obj
 0002:000c0900       _okPLL22150_IsOutputEnabled@8 10154900 f   okFrontPanelDLL.obj
 0002:000c0970       _okPLL22150_InitFromProgrammingInfo@8 10154970 f   okFrontPanelDLL.obj
 0002:000c09e0       _okPLL22150_GetProgrammingInfo@8 101549e0 f   okFrontPanelDLL.obj
 0002:000c0a50       _okUsbFrontPanel_Construct@0 10154a50 f   okFrontPanelDLL.obj
 0002:000c0ac0       _okUsbFrontPanel_Destruct@4 10154ac0 f   okFrontPanelDLL.obj
 0002:000c0b30       _okUsbFrontPanel_Has16BitHostInterface@4 10154b30 f   okFrontPanelDLL.obj
 0002:000c0ba0       _okUsbFrontPanel_IsHighSpeed@4 10154ba0 f   okFrontPanelDLL.obj
 0002:000c0c10       _okUsbFrontPanel_GetBoardModel@4 10154c10 f   okFrontPanelDLL.obj
 0002:000c0c80       _okUsbFrontPanel_WriteI2C@16 10154c80 f   okFrontPanelDLL.obj
 0002:000c0d00       _okUsbFrontPanel_ReadI2C@16 10154d00 f   okFrontPanelDLL.obj
 0002:000c0d80       _okUsbFrontPanel_GetDeviceCount@4 10154d80 f   okFrontPanelDLL.obj
 0002:000c0df0       _okUsbFrontPanel_GetDeviceListModel@8 10154df0 f   okFrontPanelDLL.obj
 0002:000c0e60       _okUsbFrontPanel_GetDeviceListSerial@16 10154e60 f   okFrontPanelDLL.obj
 0002:000c0ee0       _okUsbFrontPanel_OpenBySerial@8 10154ee0 f   okFrontPanelDLL.obj
 0002:000c0f60       _okUsbFrontPanel_IsOpen@4  10154f60 f   okFrontPanelDLL.obj
 0002:000c0fd0       _okUsbFrontPanel_EnableAsynchronousTransfers@8 10154fd0 f   okFrontPanelDLL.obj
 0002:000c1040       _okUsbFrontPanel_SetBTPipePollingInterval@8 10155040 f   okFrontPanelDLL.obj
 0002:000c10c0       _okUsbFrontPanel_SetTimeout@8 101550c0 f   okFrontPanelDLL.obj
 0002:000c1130       _okUsbFrontPanel_GetDeviceMajorVersion@4 10155130 f   okFrontPanelDLL.obj
 0002:000c11a0       _okUsbFrontPanel_GetDeviceMinorVersion@4 101551a0 f   okFrontPanelDLL.obj
 0002:000c1210       _okUsbFrontPanel_ResetFPGA@4 10155210 f   okFrontPanelDLL.obj
 0002:000c1280       _okUsbFrontPanel_GetSerialNumber@8 10155280 f   okFrontPanelDLL.obj
 0002:000c12f0       _okUsbFrontPanel_GetDeviceID@8 101552f0 f   okFrontPanelDLL.obj
 0002:000c1360       _okUsbFrontPanel_SetDeviceID@8 10155360 f   okFrontPanelDLL.obj
 0002:000c13d0       _okUsbFrontPanel_ConfigureFPGA@8 101553d0 f   okFrontPanelDLL.obj
 0002:000c1450       _okUsbFrontPanel_ConfigureFPGAFromMemory@12 10155450 f   okFrontPanelDLL.obj
 0002:000c14d0       _okUsbFrontPanel_GetPLL22150Configuration@8 101554d0 f   okFrontPanelDLL.obj
 0002:000c1550       _okUsbFrontPanel_SetPLL22150Configuration@8 10155550 f   okFrontPanelDLL.obj
 0002:000c15d0       _okUsbFrontPanel_GetEepromPLL22150Configuration@8 101555d0 f   okFrontPanelDLL.obj
 0002:000c1650       _okUsbFrontPanel_SetEepromPLL22150Configuration@8 10155650 f   okFrontPanelDLL.obj
 0002:000c16d0       _okUsbFrontPanel_GetPLL22393Configuration@8 101556d0 f   okFrontPanelDLL.obj
 0002:000c1750       _okUsbFrontPanel_SetPLL22393Configuration@8 10155750 f   okFrontPanelDLL.obj
 0002:000c17d0       _okUsbFrontPanel_GetEepromPLL22393Configuration@8 101557d0 f   okFrontPanelDLL.obj
 0002:000c1850       _okUsbFrontPanel_SetEepromPLL22393Configuration@8 10155850 f   okFrontPanelDLL.obj
 0002:000c18d0       _okUsbFrontPanel_LoadDefaultPLLConfiguration@4 101558d0 f   okFrontPanelDLL.obj
 0002:000c1940       _okUsbFrontPanel_IsFrontPanelEnabled@4 10155940 f   okFrontPanelDLL.obj
 0002:000c19b0       _okUsbFrontPanel_IsFrontPanel3Supported@4 101559b0 f   okFrontPanelDLL.obj
 0002:000c1a20       _okUsbFrontPanel_UpdateWireIns@4 10155a20 f   okFrontPanelDLL.obj
 0002:000c1a90       _okUsbFrontPanel_SetWireInValue@16 10155a90 f   okFrontPanelDLL.obj
 0002:000c1b10       _okUsbFrontPanel_UpdateWireOuts@4 10155b10 f   okFrontPanelDLL.obj
 0002:000c1b80       _okUsbFrontPanel_GetWireOutValue@8 10155b80 f   okFrontPanelDLL.obj
 0002:000c1bf0       _okUsbFrontPanel_ActivateTriggerIn@12 10155bf0 f   okFrontPanelDLL.obj
 0002:000c1c70       _okUsbFrontPanel_UpdateTriggerOuts@4 10155c70 f   okFrontPanelDLL.obj
 0002:000c1ce0       _okUsbFrontPanel_IsTriggered@12 10155ce0 f   okFrontPanelDLL.obj
 0002:000c1d60       _okUsbFrontPanel_GetLastTransferLength@4 10155d60 f   okFrontPanelDLL.obj
 0002:000c1dd0       _okUsbFrontPanel_WriteToPipeIn@16 10155dd0 f   okFrontPanelDLL.obj
 0002:000c1e50       _okUsbFrontPanel_WriteToBlockPipeIn@20 10155e50 f   okFrontPanelDLL.obj
 0002:000c1ed0       _okUsbFrontPanel_ReadFromPipeOut@16 10155ed0 f   okFrontPanelDLL.obj
 0002:000c1f50       _okUsbFrontPanel_ReadFromBlockPipeOut@20 10155f50 f   okFrontPanelDLL.obj
 0002:000c1fd0       ??0?$basic_string@DU?$char_traits@D@std@@V?$allocator@D@2@@std@@QAE@PBD@Z 10155fd0 f i okFrontPanelDLL.obj
 0002:000c20a0       ??1?$basic_string@DU?$char_traits@D@std@@V?$allocator@D@2@@std@@QAE@XZ 101560a0 f i okFrontPanelDLL.obj
 0002:000c2150       ?c_str@?$basic_string@DU?$char_traits@D@std@@V?$allocator@D@2@@std@@QBEPBDXZ 10156150 f i okFrontPanelDLL.obj
 0002:000c21a0       ??1?$_String_val@DV?$allocator@D@std@@@std@@QAE@XZ 101561a0 f i okFrontPanelDLL.obj
 0002:000c21f0       ??1_String_base@std@@QAE@XZ 101561f0 f i okFrontPanelDLL.obj
 0002:000c2240       ??1_Container_base@std@@QAE@XZ 10156240 f i okFrontPanelDLL.obj
 0002:000c2290       ?_Orphan_all@_Container_base@std@@QBEXXZ 10156290 f i okFrontPanelDLL.obj
 0002:000c2370       ?assign@?$basic_string@DU?$char_traits@D@std@@V?$allocator@D@2@@std@@QAEAAV12@PBD@Z 10156370 f i okFrontPanelDLL.obj
 0002:000c23e0       ?length@?$char_traits@D@std@@SAIPBD@Z 101563e0 f i okFrontPanelDLL.obj
 0002:000c2430       ?_Tidy@?$basic_string@DU?$char_traits@D@std@@V?$allocator@D@2@@std@@IAEX_NI@Z 10156430 f i okFrontPanelDLL.obj
 0002:000c2500       ?_Myptr@?$basic_string@DU?$char_traits@D@std@@V?$allocator@D@2@@std@@IBEPBDXZ 10156500 f i okFrontPanelDLL.obj
 0002:000c2570       ??0?$_String_val@DV?$allocator@D@std@@@std@@IAE@V?$allocator@D@1@@Z 10156570 f i okFrontPanelDLL.obj
 0002:000c25e0       ??0_String_base@std@@QAE@XZ 101565e0 f i okFrontPanelDLL.obj
 0002:000c2640       ??0_Container_base@std@@QAE@XZ 10156640 f i okFrontPanelDLL.obj
 0002:000c2690       ?assign@?$basic_string@DU?$char_traits@D@std@@V?$allocator@D@2@@std@@QAEAAV12@PBDI@Z 10156690 f i okFrontPanelDLL.obj
 0002:000c2770       ?assign@?$basic_string@DU?$char_traits@D@std@@V?$allocator@D@2@@std@@QAEAAV12@ABV12@II@Z 10156770 f i okFrontPanelDLL.obj
 0002:000c2890       ?size@?$basic_string@DU?$char_traits@D@std@@V?$allocator@D@2@@std@@QBEIXZ 10156890 f i okFrontPanelDLL.obj
 0002:000c28d0       ?erase@?$basic_string@DU?$char_traits@D@std@@V?$allocator@D@2@@std@@QAEAAV12@II@Z 101568d0 f i okFrontPanelDLL.obj
 0002:000c29c0       ?_Eos@?$basic_string@DU?$char_traits@D@std@@V?$allocator@D@2@@std@@IAEXI@Z 101569c0 f i okFrontPanelDLL.obj
 0002:000c2a40       ?assign@?$char_traits@D@std@@SAXAADABD@Z 10156a40 f i okFrontPanelDLL.obj
 0002:000c2a80       ?_Grow@?$basic_string@DU?$char_traits@D@std@@V?$allocator@D@2@@std@@IAE_NI_N@Z 10156a80 f i okFrontPanelDLL.obj
 0002:000c2b80       ?_Myptr@?$basic_string@DU?$char_traits@D@std@@V?$allocator@D@2@@std@@IAEPADXZ 10156b80 f i okFrontPanelDLL.obj
 0002:000c2bf0       ?deallocate@?$allocator@D@std@@QAEXPADI@Z 10156bf0 f i okFrontPanelDLL.obj
 0002:000c2c50       ?max_size@?$basic_string@DU?$char_traits@D@std@@V?$allocator@D@2@@std@@QBEIXZ 10156c50 f i okFrontPanelDLL.obj
 0002:000c2ce0       ?_Copy@?$basic_string@DU?$char_traits@D@std@@V?$allocator@D@2@@std@@IAEXII@Z 10156ce0 f i okFrontPanelDLL.obj
 0002:000c2f00       ?_Inside@?$basic_string@DU?$char_traits@D@std@@V?$allocator@D@2@@std@@IAE_NPBD@Z 10156f00 f i okFrontPanelDLL.obj
 0002:000c2fa0       ?allocate@?$allocator@D@std@@QAEPADI@Z 10156fa0 f i okFrontPanelDLL.obj
 0002:000c3000       ?max_size@?$allocator@D@std@@QBEIXZ 10157000 f i okFrontPanelDLL.obj
 0002:000c3070       ??$_Debug_pointer@D@std@@YAXPBDPB_WI@Z 10157070 f i okFrontPanelDLL.obj
 0002:000c30d0       ??$copy_s@U?$char_traits@D@std@@@_Traits_helper@std@@YAPADPADIPBDI@Z 101570d0 f i okFrontPanelDLL.obj
 0002:000c3150       ??$move_s@U?$char_traits@D@std@@@_Traits_helper@std@@YAPADPADIPBDI@Z 10157150 f i okFrontPanelDLL.obj
 0002:000c31d0       ??$_Allocate@D@std@@YAPADIPAD@Z 101571d0 f i okFrontPanelDLL.obj
 0002:000c3270       ??$_Char_traits_cat@U?$char_traits@D@std@@@std@@YA?AU_Secure_char_traits_tag@0@XZ 10157270 f i okFrontPanelDLL.obj
 0002:000c32e0       ??$copy_s@U?$char_traits@D@std@@@_Traits_helper@std@@YAPADPADIPBDIU_Secure_char_traits_tag@1@@Z 101572e0 f i okFrontPanelDLL.obj
 0002:000c3340       ?_Copy_s@?$char_traits@D@std@@SAPADPADIPBDI@Z 10157340 f i okFrontPanelDLL.obj
 0002:000c33a0       ??$move_s@U?$char_traits@D@std@@@_Traits_helper@std@@YAPADPADIPBDIU_Secure_char_traits_tag@1@@Z 101573a0 f i okFrontPanelDLL.obj
 0002:000c3400       ?_Move_s@?$char_traits@D@std@@SAPADPADIPBDI@Z 10157400 f i okFrontPanelDLL.obj
 0002:000c3460       _okReadEEPROM              10157460 f   okmac.obj
 0002:000c3690       _okInitialize              10157690 f   okmac.obj
 0002:000c39a0       _okCheck                   101579a0 f   okmac.obj
 0002:000c3ae0       _MACInitialize             10157ae0 f   okmac.obj
 0002:000c3e50       _MACDeInitialize           10157e50 f   okmac.obj
 0002:000c3ed0       _sendPacketNoUdpChecksum   10157ed0 f   okmac.obj
 0002:000c42e0       _MACSendPacket             101582e0 f   okmac.obj
 0002:000c4340       _MACSendPacketNoUdpChecksum 10158340 f   okmac.obj
 0002:000c43a0       _MACFlushReceiveFifos      101583a0 f   okmac.obj
 0002:000c4440       _MACReceivePacket          10158440 f   okmac.obj
 0002:000c44a0       _intMACReceivePacket       101584a0 f   okmac.obj
 0002:000c4770       _MACReadReg                10158770 f   okmac.obj
 0002:000c48d0       _MACWriteReg               101588d0 f   okmac.obj
 0002:000c4a30       _MACMIIReadReg             10158a30 f   okmac.obj
 0002:000c50b0       _MACMIIWriteReg            101590b0 f   okmac.obj
 0002:000c5200       _SetDuplex                 10159200 f   okmac.obj
 0002:000c52b0       _PythonReload              101592b0 f   okmac.obj
 0002:000c5330       _CalcChecksum              10159330 f   okmac.obj
 0002:000c5410       _FPGAWriteReg              10159410 f   okmac.obj
 0002:000c55f0       _protocol                  101595f0 f   protocol.obj
 0002:000c5700       _doInit                    10159700 f   protocol.obj
 0002:000c5b30       _doState                   10159b30 f   protocol.obj
 0002:000c5e50       _toState                   10159e50 f   protocol.obj
 0002:000c6270       _handle                    1015a270 f   protocol.obj
 0002:000c6790       _handleSync                1015a790 f   protocol.obj
 0002:000c6c10       _handleFollowUp            1015ac10 f   protocol.obj
 0002:000c6ec0       _handleDelayReq            1015aec0 f   protocol.obj
 0002:000c70e0       _handleDelayResp           1015b0e0 f   protocol.obj
 0002:000c7380       _handleManagement          1015b380 f   protocol.obj
 0002:000c7580       _issueSync                 1015b580 f   protocol.obj
 0002:000c76c0       _issueFollowup             1015b6c0 f   protocol.obj
 0002:000c7800       _issueDelayReq             1015b800 f   protocol.obj
 0002:000c7990       _issueDelayResp            1015b990 f   protocol.obj
 0002:000c7ac0       _issueManagement           1015bac0 f   protocol.obj
 0002:000c7ba0       _addForeign                1015bba0 f   protocol.obj
 0002:000c7f80       _PTPThread                 1015bf80 f   ptpControl.obj
 0002:000c7ff0       _PTPThreadC                1015bff0 f   ptpControl.obj
 0002:000c8060       _PTPThreadAll              1015c060 f   ptpControl.obj
 0002:000c82a0       _PTPKillThread             1015c2a0 f   ptpControl.obj
 0002:000c82f0       _PTPInitHardware           1015c2f0 f   ptpControl.obj
 0002:000c8c80       _PTPUpdateStatus           1015cc80 f   ptpControl.obj
 0002:000c8fa0       _PTPPrintf                 1015cfa0 f   ptpControl.obj
 0002:000c9130       _initClock                 1015d130 f   servo.obj
 0002:000c93e0       _updateDelay               1015d3e0 f   servo.obj
 0002:000c9730       _updateOffset              1015d730 f   servo.obj
 0002:000c9c60       _updateClock               1015dc60 f   servo.obj
 0002:000ca590       _ptpdShutdown              1015e590 f   startup.obj
 0002:000ca600       _ptpdStartup               1015e600 f   startup.obj
 0002:000ca760       _displayStats              1015e760 f   sys.obj
 0002:000caab0       _nanoSleep                 1015eab0 f   sys.obj
 0002:000caaf0       _getTime                   1015eaf0 f   sys.obj
 0002:000cab60       _setTime                   1015eb60 f   sys.obj
 0002:000cac00       _getRand                   1015ec00 f   sys.obj
 0002:000cac70       _adjFreq                   1015ec70 f   sys.obj
 0002:000caca0       _initTimer                 1015eca0 f   timer.obj
 0002:000cad00       _timerUpdate               1015ed00 f   timer.obj
 0002:000cae40       _timerStop                 1015ee40 f   timer.obj
 0002:000caea0       _timerStart                1015eea0 f   timer.obj
 0002:000caf60       _timerExpired              1015ef60 f   timer.obj
 0002:000caff4       _htons@4                   1015eff4 f   Ws2_32:WS2_32.dll
 0002:000caffa       _htonl@4                   1015effa f   Ws2_32:WS2_32.dll
 0002:000cb000       _ntohs@4                   1015f000 f   Ws2_32:WS2_32.dll
 0002:000cb006       _PyLong_FromVoidPtr        1015f006 f   python24:python24.dll
 0002:000cb00c       _PyString_Format           1015f00c f   python24:python24.dll
 0002:000cb012       _PyString_FromString       1015f012 f   python24:python24.dll
 0002:000cb018       _PyTuple_SetItem           1015f018 f   python24:python24.dll
 0002:000cb01e       _PyTuple_New               1015f01e f   python24:python24.dll
 0002:000cb024       _PyString_ConcatAndDel     1015f024 f   python24:python24.dll
 0002:000cb02a       _PyString_FromFormat       1015f02a f   python24:python24.dll
 0002:000cb030       _PyString_AsString         1015f030 f   python24:python24.dll
 0002:000cb036       _Py_BuildValue             1015f036 f   python24:python24.dll
 0002:000cb03c       _PyObject_IsTrue           1015f03c f   python24:python24.dll
 0002:000cb042       _PyBool_FromLong           1015f042 f   python24:python24.dll
 0002:000cb048       _PyArg_UnpackTuple         1015f048 f   python24:python24.dll
 0002:000cb04e       _PyObject_GenericGetAttr   1015f04e f   python24:python24.dll
 0002:000cb054       _PyObject_Free             1015f054 f   python24:python24.dll
 0002:000cb05a       _PyObject_CallFunctionObjArgs 1015f05a f   python24:python24.dll
 0002:000cb060       _PyObject_Init             1015f060 f   python24:python24.dll
 0002:000cb066       _PyObject_Malloc           1015f066 f   python24:python24.dll
 0002:000cb06c       _PyArg_ParseTuple          1015f06c f   python24:python24.dll
 0002:000cb072       _PyErr_SetString           1015f072 f   python24:python24.dll
 0002:000cb078       _PyErr_Clear               1015f078 f   python24:python24.dll
 0002:000cb07e       _PyErr_Occurred            1015f07e f   python24:python24.dll
 0002:000cb084       _PyObject_GetAttr          1015f084 f   python24:python24.dll
 0002:000cb08a       _PyDict_GetItem            1015f08a f   python24:python24.dll
 0002:000cb090       __PyObject_GetDictPtr      1015f090 f   python24:python24.dll
 0002:000cb096       __PyInstance_Lookup        1015f096 f   python24:python24.dll
 0002:000cb09c       _PyLong_AsLong             1015f09c f   python24:python24.dll
 0002:000cb0a2       _PyInt_AsLong              1015f0a2 f   python24:python24.dll
 0002:000cb0a8       _PyType_IsSubtype          1015f0a8 f   python24:python24.dll
 0002:000cb0ae       _PyInt_FromLong            1015f0ae f   python24:python24.dll
 0002:000cb0b4       _PyLong_AsUnsignedLong     1015f0b4 f   python24:python24.dll
 0002:000cb0ba       _PyLong_FromUnsignedLong   1015f0ba f   python24:python24.dll
 0002:000cb0c0       _PyInstance_NewRaw         1015f0c0 f   python24:python24.dll
 0002:000cb0c6       _PyDict_SetItem            1015f0c6 f   python24:python24.dll
 0002:000cb0cc       _PyDict_New                1015f0cc f   python24:python24.dll
 0002:000cb0d2       _PyObject_Call             1015f0d2 f   python24:python24.dll
 0002:000cb0d8       _PyObject_GetAttrString    1015f0d8 f   python24:python24.dll
 0002:000cb0de       _PyList_Append             1015f0de f   python24:python24.dll
 0002:000cb0e4       _PyList_SetItem            1015f0e4 f   python24:python24.dll
 0002:000cb0ea       _PyList_New                1015f0ea f   python24:python24.dll
 0002:000cb0f0       _PyString_AsStringAndSize  1015f0f0 f   python24:python24.dll
 0002:000cb0f6       _PyString_FromStringAndSize 1015f0f6 f   python24:python24.dll
 0002:000cb0fc       _PyLong_AsDouble           1015f0fc f   python24:python24.dll
 0002:000cb102       _PyFloat_AsDouble          1015f102 f   python24:python24.dll
 0002:000cb108       _PyFloat_FromDouble        1015f108 f   python24:python24.dll
 0002:000cb10e       _PyTuple_Size              1015f10e f   python24:python24.dll
 0002:000cb114       _PyTuple_GetSlice          1015f114 f   python24:python24.dll
 0002:000cb11a       _PyModule_GetDict          1015f11a f   python24:python24.dll
 0002:000cb120       _Py_InitModule4            1015f120 f   python24:python24.dll
 0002:000cb126       _PyDict_SetItemString      1015f126 f   python24:python24.dll
 0002:000cb12c       _PyCObject_Import          1015f12c f   python24:python24.dll
 0002:000cb132       _PyModule_AddObject        1015f132 f   python24:python24.dll
 0002:000cb138       _PyCObject_FromVoidPtr     1015f138 f   python24:python24.dll
 0002:000cb13e       _PyEval_RestoreThread      1015f13e f   python24:python24.dll
 0002:000cb144       _PyEval_SaveThread         1015f144 f   python24:python24.dll
 0002:000cb14a       _PyObject_CallFunction     1015f14a f   python24:python24.dll
 0002:000cb150       _PathRemoveFileSpecA@4     1015f150 f   shlwapi:SHLWAPI.dll
 0002:000cb156       _CloseHandle@4             1015f156 f   kernel32:KERNEL32.dll
 0002:000cb15c       _UnmapViewOfFile@4         1015f15c f   kernel32:KERNEL32.dll
 0002:000cb162       _TlsFree@4                 1015f162 f   kernel32:KERNEL32.dll
 0002:000cb168       _MapViewOfFile@20          1015f168 f   kernel32:KERNEL32.dll
 0002:000cb16e       _GetLastError@0            1015f16e f   kernel32:KERNEL32.dll
 0002:000cb174       _CreateFileMappingA@24     1015f174 f   kernel32:KERNEL32.dll
 0002:000cb17a       _TlsAlloc@0                1015f17a f   kernel32:KERNEL32.dll
 0002:000cb180       _GetModuleFileNameA@12     1015f180 f   kernel32:KERNEL32.dll
 0002:000cb186       _CreateMutexA@12           1015f186 f   kernel32:KERNEL32.dll
 0002:000cb18c       _ReleaseMutex@4            1015f18c f   kernel32:KERNEL32.dll
 0002:000cb192       _WaitForSingleObject@8     1015f192 f   kernel32:KERNEL32.dll
 0002:000cb198       _GetProcAddress@8          1015f198 f   kernel32:KERNEL32.dll
 0002:000cb19e       _LoadLibraryA@4            1015f19e f   kernel32:KERNEL32.dll
 0002:000cb1a4       _FreeLibrary@4             1015f1a4 f   kernel32:KERNEL32.dll
 0002:000cb1aa       _Sleep@4                   1015f1aa f   kernel32:KERNEL32.dll
 0002:000cb1b0       _TlsSetValue@8             1015f1b0 f   kernel32:KERNEL32.dll
 0002:000cb1b6       _TlsGetValue@4             1015f1b6 f   kernel32:KERNEL32.dll
 0002:000cb1bc       _GetTickCount@0            1015f1bc f   kernel32:KERNEL32.dll
 0002:000cb1c2       _CLSIDFromString@8         1015f1c2 f   ole32:ole32.dll
 0002:000cb1c8       ??0CCyUSBDevice@@QAE@PAXU_GUID@@H@Z 1015f1c8 f   CyAPI:CyAPI.obj
 0002:000cb314       ??1CCyUSBDevice@@QAE@XZ    1015f314 f   CyAPI:CyAPI.obj
 0002:000cb364       ?SetConfig@CCyUSBDevice@@QAEXE@Z 1015f364 f   CyAPI:CyAPI.obj
 0002:000cb49d       ?ConfigCount@CCyUSBDevice@@QAEEXZ 1015f49d f   CyAPI:CyAPI.obj
 0002:000cb4b4       ?IntfcCount@CCyUSBDevice@@QAEEXZ 1015f4b4 f   CyAPI:CyAPI.obj
 0002:000cb4cb       ?AltIntfc@CCyUSBDevice@@QAEEXZ 1015f4cb f   CyAPI:CyAPI.obj
 0002:000cb4f4       ?SetAltIntfcParams@CCyUSBDevice@@AAEXE@Z 1015f4f4 f   CyAPI:CyAPI.obj
 0002:000cb58d       ?SetAltIntfc@CCyUSBDevice@@QAE_NE@Z 1015f58d f   CyAPI:CyAPI.obj
 0002:000cb673       ?AltIntfcCount@CCyUSBDevice@@QAEEXZ 1015f673 f   CyAPI:CyAPI.obj
 0002:000cb6a0       ?EndPointCount@CCyUSBDevice@@QAEEXZ 1015f6a0 f   CyAPI:CyAPI.obj
 0002:000cb6d8       ?GetDeviceName@CCyUSBDevice@@AAEXXZ 1015f6d8 f   CyAPI:CyAPI.obj
 0002:000cb719       ?GetFriendlyName@CCyUSBDevice@@AAEXXZ 1015f719 f   CyAPI:CyAPI.obj
 0002:000cb75d       ?GetUSBAddress@CCyUSBDevice@@AAEXXZ 1015f75d f   CyAPI:CyAPI.obj
 0002:000cb7aa       ?GetDriverVer@CCyUSBDevice@@AAEXXZ 1015f7aa f   CyAPI:CyAPI.obj
 0002:000cb7f0       ?GetUSBDIVer@CCyUSBDevice@@AAEXXZ 1015f7f0 f   CyAPI:CyAPI.obj
 0002:000cb836       ?DeviceCount@CCyUSBDevice@@QAEEXZ 1015f836 f   CyAPI:CyAPI.obj
 0002:000cb8e1       ?CreateHandle@CCyUSBDevice@@QAE_NE@Z 1015f8e1 f   CyAPI:CyAPI.obj
 0002:000cba6f       ?Open@CCyUSBDevice@@QAE_NE@Z 1015fa6f f   CyAPI:CyAPI.obj
 0002:000cbcc0       ?DestroyHandle@CCyUSBDevice@@QAEXXZ 1015fcc0 f   CyAPI:CyAPI.obj
 0002:000cbd4c       ?Close@CCyUSBDevice@@QAEXXZ 1015fd4c f   CyAPI:CyAPI.obj
 0002:000cbe14       ?IoControl@CCyUSBDevice@@AAE_NKPAEK@Z 1015fe14 f   CyAPI:CyAPI.obj
 0002:000cbe5d       ?GetDevDescriptor@CCyUSBDevice@@AAEXXZ 1015fe5d f   CyAPI:CyAPI.obj
 0002:000cbfa4       ?SetStringDescrLanguage@CCyUSBDevice@@AAEXXZ 1015ffa4 f   CyAPI:CyAPI.obj
 0002:000cc12f       ?GetString@CCyUSBDevice@@AAEXPAGE@Z 1016012f f   CyAPI:CyAPI.obj
 0002:000cc2e0       ?GetCfgDescriptor@CCyUSBDevice@@AAEXH@Z 101602e0 f   CyAPI:CyAPI.obj
 0002:000cc455       ?Reset@CCyUSBDevice@@QAE_NXZ 10160455 f   CyAPI:CyAPI.obj
 0002:000cc467       ?ReConnect@CCyUSBDevice@@QAE_NXZ 10160467 f   CyAPI:CyAPI.obj
 0002:000cc479       ?Suspend@CCyUSBDevice@@QAE_NXZ 10160479 f   CyAPI:CyAPI.obj
 0002:000cc4b2       ?Resume@CCyUSBDevice@@QAE_NXZ 101604b2 f   CyAPI:CyAPI.obj
 0002:000cc4ec       ?GetSpeed@CCyUSBDevice@@AAEXXZ 101604ec f   CyAPI:CyAPI.obj
 0002:000cc521       ?PowerState@CCyUSBDevice@@QAEEXZ 10160521 f   CyAPI:CyAPI.obj
 0002:000cc54c       ?EndPointOf@CCyUSBDevice@@QAEPAVCCyUSBEndPoint@@E@Z 1016054c f   CyAPI:CyAPI.obj
 0002:000cc5d4       ?GetDeviceDescriptor@CCyUSBDevice@@QAEXPAU_USB_DEVICE_DESCRIPTOR@@@Z 101605d4 f   CyAPI:CyAPI.obj
 0002:000cc5f0       ?GetConfigDescriptor@CCyUSBDevice@@QAEXPAU_USB_CONFIGURATION_DESCRIPTOR@@@Z 101605f0 f   CyAPI:CyAPI.obj
 0002:000cc613       ?GetIntfcDescriptor@CCyUSBDevice@@QAEXPAU_USB_INTERFACE_DESCRIPTOR@@@Z 10160613 f   CyAPI:CyAPI.obj
 0002:000cc67c       ?GetUSBConfig@CCyUSBDevice@@QAE?AVCCyUSBConfig@@H@Z 1016067c f   CyAPI:CyAPI.obj
 0002:000cc6b6       ?UsbdStatusString@CCyUSBDevice@@QAEXKPAD@Z 101606b6 f   CyAPI:CyAPI.obj
 0002:000cca1f       ?SetEndPointPtrs@CCyUSBDevice@@AAEXXZ 10160a1f f   CyAPI:CyAPI.obj
 0002:000ccb82       ?RegisterForPnpEvents@CCyUSBDevice@@AAE_NPAX@Z 10160b82 f   CyAPI:CyAPI.obj
 0002:000ccbe6       ??0CCyUSBInterface@@QAE@AAV0@@Z 10160be6 f   CyAPI:CyAPI.obj
 0002:000ccdcb       ??0CCyUSBInterface@@QAE@PAXPAU_USB_INTERFACE_DESCRIPTOR@@@Z 10160dcb f   CyAPI:CyAPI.obj
 0002:000ccf98       ??1CCyUSBInterface@@QAE@XZ 10160f98 f   CyAPI:CyAPI.obj
 0002:000ccfd4       ??0CCyUSBConfig@@QAE@XZ    10160fd4 f   CyAPI:CyAPI.obj
 0002:000cd00b       ??0CCyUSBConfig@@QAE@AAV0@@Z 1016100b f   CyAPI:CyAPI.obj
 0002:000cd0e8       ??0CCyUSBConfig@@QAE@PAXPAU_USB_CONFIGURATION_DESCRIPTOR@@@Z 101610e8 f   CyAPI:CyAPI.obj
 0002:000cd25c       ??1CCyUSBConfig@@QAE@XZ    1016125c f   CyAPI:CyAPI.obj
 0002:000cd28f       ??0CCyUSBEndPoint@@QAE@XZ  1016128f f   CyAPI:CyAPI.obj
 0002:000cd2d2       ??0CCyUSBEndPoint@@QAE@AAV0@@Z 101612d2 f   CyAPI:CyAPI.obj
 0002:000cd337       ??0CCyUSBEndPoint@@QAE@PAXPAU_USB_ENDPOINT_DESCRIPTOR@@@Z 10161337 f   CyAPI:CyAPI.obj
 0002:000cd3c1       ?Reset@CCyUSBEndPoint@@QAE_NXZ 101613c1 f   CyAPI:CyAPI.obj
 0002:000cd3f8       ?Abort@CCyUSBEndPoint@@QAE_NXZ 101613f8 f   CyAPI:CyAPI.obj
 0002:000cd42f       ?XferData@CCyUSBEndPoint@@QAE_NPAEAAJPAVCCyIsoPktInfo@@@Z 1016142f f   CyAPI:CyAPI.obj
 0002:000cd4d6       ?FinishDataXfer@CCyUSBEndPoint@@UAE_NPAEAAJPAU_OVERLAPPED@@0PAVCCyIsoPktInfo@@@Z 101614d6 f   CyAPI:CyAPI.obj
 0002:000cd5c6       ?BeginBufferedXfer@CCyUSBEndPoint@@MAEPAEPAEJPAU_OVERLAPPED@@@Z 101615c6 f   CyAPI:CyAPI.obj
 0002:000cd677       ?BeginDirectXfer@CCyUSBEndPoint@@MAEPAEPAEJPAU_OVERLAPPED@@@Z 10161677 f   CyAPI:CyAPI.obj
 0002:000cd709       ?WaitForXfer@CCyUSBEndPoint@@QAE_NPAU_OVERLAPPED@@K@Z 10161709 f   CyAPI:CyAPI.obj
 0002:000cd748       ?WaitForIO@CCyUSBEndPoint@@IAE_NPAU_OVERLAPPED@@@Z 10161748 f   CyAPI:CyAPI.obj
 0002:000cd7ac       ?GetXferSize@CCyUSBEndPoint@@QAEKXZ 101617ac f   CyAPI:CyAPI.obj
 0002:000cd80c       ?SetXferSize@CCyUSBEndPoint@@QAEXK@Z 1016180c f   CyAPI:CyAPI.obj
 0002:000cd87f       ??0CCyControlEndPoint@@QAE@XZ 1016187f f   CyAPI:CyAPI.obj
 0002:000cd8b9       ??0CCyControlEndPoint@@QAE@AAV0@@Z 101618b9 f   CyAPI:CyAPI.obj
 0002:000cd914       ??0CCyControlEndPoint@@QAE@PAXPAU_USB_ENDPOINT_DESCRIPTOR@@@Z 10161914 f   CyAPI:CyAPI.obj
 0002:000cd95b       ?Read@CCyControlEndPoint@@QAE_NPAEAAJ@Z 1016195b f   CyAPI:CyAPI.obj
 0002:000cd97a       ?Write@CCyControlEndPoint@@QAE_NPAEAAJ@Z 1016197a f   CyAPI:CyAPI.obj
 0002:000cd995       ?BeginDataXfer@CCyControlEndPoint@@UAEPAEPAEJPAU_OVERLAPPED@@@Z 10161995 f   CyAPI:CyAPI.obj
 0002:000cdab5       ??0CCyIsocEndPoint@@QAE@XZ 10161ab5 f   CyAPI:CyAPI.obj
 0002:000cdacb       ??0CCyIsocEndPoint@@QAE@PAXPAU_USB_ENDPOINT_DESCRIPTOR@@@Z 10161acb f   CyAPI:CyAPI.obj
 0002:000cdaee       ?BeginDataXfer@CCyIsocEndPoint@@UAEPAEPAEJPAU_OVERLAPPED@@@Z 10161aee f   CyAPI:CyAPI.obj
 0002:000cdb21       ?BeginBufferedXfer@CCyIsocEndPoint@@MAEPAEPAEJPAU_OVERLAPPED@@@Z 10161b21 f   CyAPI:CyAPI.obj
 0002:000cdc0c       ?BeginDirectXfer@CCyIsocEndPoint@@MAEPAEPAEJPAU_OVERLAPPED@@@Z 10161c0c f   CyAPI:CyAPI.obj
 0002:000cdcde       ?CreatePktInfos@CCyIsocEndPoint@@QAEPAVCCyIsoPktInfo@@JAAH@Z 10161cde f   CyAPI:CyAPI.obj
 0002:000cdd30       ??0CCyBulkEndPoint@@QAE@XZ 10161d30 f   CyAPI:CyAPI.obj
 0002:000cdd46       ??0CCyBulkEndPoint@@QAE@PAXPAU_USB_ENDPOINT_DESCRIPTOR@@@Z 10161d46 f   CyAPI:CyAPI.obj
 0002:000cdd69       ?BeginDataXfer@CCyBulkEndPoint@@UAEPAEPAEJPAU_OVERLAPPED@@@Z 10161d69 f   CyAPI:CyAPI.obj
 0002:000cdd9c       ??0CCyInterruptEndPoint@@QAE@XZ 10161d9c f   CyAPI:CyAPI.obj
 0002:000cddb2       ??0CCyInterruptEndPoint@@QAE@PAXPAU_USB_ENDPOINT_DESCRIPTOR@@@Z 10161db2 f   CyAPI:CyAPI.obj
 0002:000cddd5       ?BeginDataXfer@CCyInterruptEndPoint@@UAEPAEPAEJPAU_OVERLAPPED@@@Z 10161dd5 f   CyAPI:CyAPI.obj
 0002:000cde08       _SetupDiDestroyDeviceInfoList@4 10161e08 f   CyAPI:SETUPAPI.dll
 0002:000cde0e       _SetupDiEnumDeviceInterfaces@20 10161e0e f   CyAPI:SETUPAPI.dll
 0002:000cde14       _SetupDiGetClassDevsA@16   10161e14 f   CyAPI:SETUPAPI.dll
 0002:000cde1a       _SetupDiGetDeviceInterfaceDetailA@24 10161e1a f   CyAPI:SETUPAPI.dll
 0002:000cde20       __RTC_InitBase             10161e20 f   LIBCMTD:init.obj
 0002:000cde60       __RTC_Shutdown             10161e60 f   LIBCMTD:init.obj
 0002:000cde80       _labs                      10161e80 f   LIBCMTD:labs.obj
 0002:000cdeb0       __RTC_CheckEsp             10161eb0 f   LIBCMTD:stack.obj
 0002:000cdee0       @_RTC_CheckStackVars@8     10161ee0 f   LIBCMTD:stack.obj
 0002:000cdf60       @_RTC_AllocaHelper@12      10161f60 f   LIBCMTD:stack.obj
 0002:000cdfa0       @_RTC_CheckStackVars2@12   10161fa0 f   LIBCMTD:stack.obj
 0002:000ce0b0       _memcpy                    101620b0 f   LIBCMTD:memcpy.obj
 0002:000ce4f0       _memcmp                    101624f0 f   LIBCMTD:memcmp.obj
 0002:000cf1f0       @__security_check_cookie@4 101631f0 f   LIBCMTD:secchk.obj
 0002:000cf210       _DebuggerKnownHandle       10163210 f   LIBCMTD:error.obj
 0002:000cf2e0       ?_RTC_Failure@@YAXPAXH@Z   101632e0 f   LIBCMTD:error.obj
 0002:000cf6e0       ?_RTC_StackFailure@@YAXPAXPBD@Z 101636e0 f   LIBCMTD:error.obj
 0002:000cf850       ?_RTC_AllocaFailure@@YAXPAXPAU_RTC_ALLOCA_NODE@@H@Z 10163850 f   LIBCMTD:error.obj
 0002:000cfa60       __RTC_UninitUse            10163a60 f   LIBCMTD:error.obj
 0002:000cfbb0       _strcmp                    10163bb0 f   LIBCMTD:strcmp.obj
 0002:000cfc60       _fputs                     10163c60 f   LIBCMTD:fputs.obj
 0002:000d0000       _strcpy                    10164000 f   LIBCMTD:strcat.obj
 0002:000d0010       _strcat                    10164010 f   LIBCMTD:strcat.obj
 0002:000d0140       _strlen                    10164140 f   LIBCMTD:strlen.obj
 0002:000d01f0       _printf                    101641f0 f   LIBCMTD:printf.obj
 0002:000d0370       __printf_l                 10164370 f   LIBCMTD:printf.obj
 0002:000d03a0       __printf_s_l               101643a0 f   LIBCMTD:printf.obj
 0002:000d03d0       _printf_s                  101643d0 f   LIBCMTD:printf.obj
 0002:000d0400       __printf_p_l               10164400 f   LIBCMTD:printf.obj
 0002:000d0430       __printf_p                 10164430 f   LIBCMTD:printf.obj
 0002:000d0460       __set_printf_count_output  10164460 f   LIBCMTD:printf.obj
 0002:000d04c0       __get_printf_count_output  101644c0 f   LIBCMTD:printf.obj
 0002:000d04e0       _malloc                    101644e0 f   LIBCMTD:dbgheap.obj
 0002:000d0510       __malloc_dbg               10164510 f   LIBCMTD:dbgheap.obj
 0002:000d0550       __nh_malloc                10164550 f   LIBCMTD:dbgheap.obj
 0002:000d0580       __nh_malloc_dbg            10164580 f   LIBCMTD:dbgheap.obj
 0002:000d0600       __heap_alloc               10164600 f   LIBCMTD:dbgheap.obj
 0002:000d0620       __heap_alloc_dbg           10164620 f   LIBCMTD:dbgheap.obj
 0002:000d0aa0       _calloc                    10164aa0 f   LIBCMTD:dbgheap.obj
 0002:000d0ad0       __calloc_dbg               10164ad0 f   LIBCMTD:dbgheap.obj
 0002:000d0bc0       _realloc                   10164bc0 f   LIBCMTD:dbgheap.obj
 0002:000d0bf0       __recalloc                 10164bf0 f   LIBCMTD:dbgheap.obj
 0002:000d0cc0       __realloc_dbg              10164cc0 f   LIBCMTD:dbgheap.obj
 0002:000d1400       __recalloc_dbg             10165400 f   LIBCMTD:dbgheap.obj
 0002:000d14e0       __expand                   101654e0 f   LIBCMTD:dbgheap.obj
 0002:000d1510       __expand_dbg               10165510 f   LIBCMTD:dbgheap.obj
 0002:000d1660       _free                      10165660 f   LIBCMTD:dbgheap.obj
 0002:000d1680       __free_nolock              10165680 f   LIBCMTD:dbgheap.obj
 0002:000d16a0       __free_dbg                 101656a0 f   LIBCMTD:dbgheap.obj
 0002:000d1740       __free_dbg_nolock          10165740 f   LIBCMTD:dbgheap.obj
 0002:000d1c70       __msize                    10165c70 f   LIBCMTD:dbgheap.obj
 0002:000d1c90       __msize_dbg                10165c90 f   LIBCMTD:dbgheap.obj
 0002:000d1ef0       __CrtSetBreakAlloc         10165ef0 f   LIBCMTD:dbgheap.obj
 0002:000d1f20       __CrtSetDbgBlockType       10165f20 f   LIBCMTD:dbgheap.obj
 0002:000d2040       __CrtSetAllocHook          10166040 f   LIBCMTD:dbgheap.obj
 0002:000d2070       __CrtGetAllocHook          10166070 f   LIBCMTD:dbgheap.obj
 0002:000d20e0       __CrtCheckMemory           101660e0 f   LIBCMTD:dbgheap.obj
 0002:000d2540       __CrtSetDbgFlag            10166540 f   LIBCMTD:dbgheap.obj
 0002:000d26e0       __CrtDoForAllClientObjects 101666e0 f   LIBCMTD:dbgheap.obj
 0002:000d2840       __CrtIsValidPointer        10166840 f   LIBCMTD:dbgheap.obj
 0002:000d2860       __CrtIsValidHeapPointer    10166860 f   LIBCMTD:dbgheap.obj
 0002:000d2980       __invoke_watson_if_error   10166980 f i LIBCMTD:dbgheap.obj
 0002:000d29c0       __CrtIsMemoryBlock         101669c0 f   LIBCMTD:dbgheap.obj
 0002:000d2b90       __CrtReportBlockType       10166b90 f   LIBCMTD:dbgheap.obj
 0002:000d2bd0       __CrtSetDumpClient         10166bd0 f   LIBCMTD:dbgheap.obj
 0002:000d2c00       __CrtGetDumpClient         10166c00 f   LIBCMTD:dbgheap.obj
 0002:000d2c10       __CrtMemCheckpoint         10166c10 f   LIBCMTD:dbgheap.obj
 0002:000d2e70       __CrtMemDifference         10166e70 f   LIBCMTD:dbgheap.obj
 0002:000d3110       __CrtMemDumpAllObjectsSince 10167110 f   LIBCMTD:dbgheap.obj
 0002:000d3160       ??0_LocaleUpdate@@QAE@PAUlocaleinfo_struct@@@Z 10167160 f i LIBCMTD:dbgheap.obj
 0002:000d3270       ??1_LocaleUpdate@@QAE@XZ   10167270 f i LIBCMTD:dbgheap.obj
 0002:000d32b0       ?GetLocaleT@_LocaleUpdate@@QAEPAUlocaleinfo_struct@@XZ 101672b0 f i LIBCMTD:dbgheap.obj
 0002:000d38b0       __invoke_watson_if_oneof   101678b0 f i LIBCMTD:dbgheap.obj
 0002:000d3900       __CrtDumpMemoryLeaks       10167900 f   LIBCMTD:dbgheap.obj
 0002:000d3980       __CrtMemDumpStatistics     10167980 f   LIBCMTD:dbgheap.obj
 0002:000d3ad0       __aligned_malloc           10167ad0 f   LIBCMTD:dbgheap.obj
 0002:000d3b00       __aligned_malloc_dbg       10167b00 f   LIBCMTD:dbgheap.obj
 0002:000d3b30       __aligned_realloc          10167b30 f   LIBCMTD:dbgheap.obj
 0002:000d3b60       __aligned_recalloc         10167b60 f   LIBCMTD:dbgheap.obj
 0002:000d3b90       __aligned_realloc_dbg      10167b90 f   LIBCMTD:dbgheap.obj
 0002:000d3bc0       __aligned_recalloc_dbg     10167bc0 f   LIBCMTD:dbgheap.obj
 0002:000d3bf0       __aligned_offset_malloc    10167bf0 f   LIBCMTD:dbgheap.obj
 0002:000d3c20       __aligned_offset_malloc_dbg 10167c20 f   LIBCMTD:dbgheap.obj
 0002:000d3e20       __aligned_offset_realloc   10167e20 f   LIBCMTD:dbgheap.obj
 0002:000d3e50       __aligned_offset_recalloc  10167e50 f   LIBCMTD:dbgheap.obj
 0002:000d3e80       __aligned_offset_realloc_dbg 10167e80 f   LIBCMTD:dbgheap.obj
 0002:000d4200       __aligned_offset_recalloc_dbg 10168200 f   LIBCMTD:dbgheap.obj
 0002:000d42e0       __aligned_free             101682e0 f   LIBCMTD:dbgheap.obj
 0002:000d4300       __aligned_free_dbg         10168300 f   LIBCMTD:dbgheap.obj
 0002:000d43d0       __CrtSetDebugFillThreshold 101683d0 f   LIBCMTD:dbgheap.obj
 0002:000d4400       __CrtSetCheckCount         10168400 f   LIBCMTD:dbgheap.obj
 0002:000d4420       __CrtGetCheckCount         10168420 f   LIBCMTD:dbgheap.obj
 0002:000d4430       _memset                    10168430 f   LIBCMTD:memset.obj
 0002:000d44d0       __fpmath                   101684d0 f   LIBCMTD:fpinit.obj
 0002:000d4500       __fpclear                  10168500 f   LIBCMTD:fpinit.obj
 0002:000d4510       __cfltcvt_init             10168510 f   LIBCMTD:fpinit.obj
 0002:000d45a0       ___setfflag                101685a0 f   LIBCMTD:fpinit.obj
 0002:000d45d0       _strncpy                   101685d0 f   LIBCMTD:strncpy.obj
 0002:000d4740       _strncmp                   10168740 f   LIBCMTD:strncmp.obj
 0002:000d4910       _strstr                    10168910 f   LIBCMTD:strstr.obj
 0002:000d49c0       ??2@YAPAXI@Z               101689c0 f   LIBCMTD:new.obj
 0002:000d4a60       ??0bad_alloc@std@@QAE@XZ   10168a60 f i LIBCMTD:new.obj
 0002:000d4a90       ??3@YAXPAX@Z               10168a90 f   LIBCMTD:dbgdel.obj
 0002:000d4bb0       __CxxThrowException@8      10168bb0 f   LIBCMTD:throw.obj
 0002:000d4c20       ?name@type_info@@QBEPBDPAU__type_info_node@@@Z 10168c20 f   LIBCMTD:typinfo.obj
 0002:000d4c50       ??1type_info@@UAE@XZ       10168c50 f   LIBCMTD:typinfo.obj
 0002:000d4c80       ??_Etype_info@@UAEPAXI@Z   10168c80 f i LIBCMTD:typinfo.obj
 0002:000d4c80       ??_Gtype_info@@UAEPAXI@Z   10168c80 f i LIBCMTD:typinfo.obj
 0002:000d4cc0       ?_name_internal_method@type_info@@QBEPBDPAU__type_info_node@@@Z 10168cc0 f   LIBCMTD:typinfo.obj
 0002:000d4cf0       ?_type_info_dtor_internal_method@type_info@@QAEXXZ 10168cf0 f   LIBCMTD:typinfo.obj
 0002:000d4d10       ??8type_info@@QBE_NABV0@@Z 10168d10 f   LIBCMTD:typinfo.obj
 0002:000d4d50       ??9type_info@@QBE_NABV0@@Z 10168d50 f   LIBCMTD:typinfo.obj
 0002:000d4d90       ?before@type_info@@QBEHABV1@@Z 10168d90 f   LIBCMTD:typinfo.obj
 0002:000d4dd0       ?raw_name@type_info@@QBEPBDXZ 10168dd0 f   LIBCMTD:typinfo.obj
 0002:000d4df0       ??0type_info@@AAE@ABV0@@Z  10168df0 f   LIBCMTD:typinfo.obj
 0002:000d4e10       ??4type_info@@AAEAAV0@ABV0@@Z 10168e10 f   LIBCMTD:typinfo.obj
 0002:000d4e30       ??0exception@std@@QAE@XZ   10168e30 f   LIBCMTD:stdexcpt.obj
 0002:000d4e70       ??_Eexception@std@@UAEPAXI@Z 10168e70 f i LIBCMTD:stdexcpt.obj
 0002:000d4e70       ??_Gexception@std@@UAEPAXI@Z 10168e70 f i LIBCMTD:stdexcpt.obj
 0002:000d4eb0       ??0exception@std@@QAE@ABQBD@Z 10168eb0 f   LIBCMTD:stdexcpt.obj
 0002:000d4f60       ??0exception@std@@QAE@ABQBDH@Z 10168f60 f   LIBCMTD:stdexcpt.obj
 0002:000d4fa0       ??0exception@std@@QAE@ABV01@@Z 10168fa0 f   LIBCMTD:stdexcpt.obj
 0002:000d5070       ??4exception@std@@QAEAAV01@ABV01@@Z 10169070 f   LIBCMTD:stdexcpt.obj
 0002:000d5140       ??1exception@std@@UAE@XZ   10169140 f   LIBCMTD:stdexcpt.obj
 0002:000d5180       ?what@exception@std@@UBEPBDXZ 10169180 f   LIBCMTD:stdexcpt.obj
 0002:000d51b0       ??0bad_cast@std@@QAE@PBD@Z 101691b0 f   LIBCMTD:stdexcpt.obj
 0002:000d51e0       ??_Gbad_cast@std@@UAEPAXI@Z 101691e0 f i LIBCMTD:stdexcpt.obj
 0002:000d51e0       ??_Ebad_cast@std@@UAEPAXI@Z 101691e0 f i LIBCMTD:stdexcpt.obj
 0002:000d5220       ??0bad_cast@std@@QAE@ABV01@@Z 10169220 f   LIBCMTD:stdexcpt.obj
 0002:000d5250       ??1bad_cast@std@@UAE@XZ    10169250 f   LIBCMTD:stdexcpt.obj
 0002:000d5280       ??0bad_typeid@std@@QAE@PBD@Z 10169280 f   LIBCMTD:stdexcpt.obj
 0002:000d52b0       ??_Gbad_typeid@std@@UAEPAXI@Z 101692b0 f i LIBCMTD:stdexcpt.obj
 0002:000d52b0       ??_Ebad_typeid@std@@UAEPAXI@Z 101692b0 f i LIBCMTD:stdexcpt.obj
 0002:000d52f0       ??0bad_typeid@std@@QAE@ABV01@@Z 101692f0 f   LIBCMTD:stdexcpt.obj
 0002:000d5320       ??1bad_typeid@std@@UAE@XZ  10169320 f   LIBCMTD:stdexcpt.obj
 0002:000d5350       ??0__non_rtti_object@std@@QAE@PBD@Z 10169350 f   LIBCMTD:stdexcpt.obj
 0002:000d5380       ??_E__non_rtti_object@std@@UAEPAXI@Z 10169380 f i LIBCMTD:stdexcpt.obj
 0002:000d5380       ??_G__non_rtti_object@std@@UAEPAXI@Z 10169380 f i LIBCMTD:stdexcpt.obj
 0002:000d53c0       ??0__non_rtti_object@std@@QAE@ABV01@@Z 101693c0 f   LIBCMTD:stdexcpt.obj
 0002:000d53f0       ??1__non_rtti_object@std@@UAE@XZ 101693f0 f   LIBCMTD:stdexcpt.obj
 0002:000d5420       __inp                      10169420 f   LIBCMTD:inp.obj
 0002:000d5429       __inpw                     10169429 f   LIBCMTD:inp.obj
 0002:000d5431       __inpd                     10169431 f   LIBCMTD:inp.obj
 0002:000d5440       __outp                     10169440 f   LIBCMTD:outp.obj
 0002:000d544d       __outpw                    1016944d f   LIBCMTD:outp.obj
 0002:000d545a       __outpd                    1016945a f   LIBCMTD:outp.obj
 0002:000d5470       _strtol                    10169470 f   LIBCMTD:strtol.obj
 0002:000d5ae0       __strtol_l                 10169ae0 f   LIBCMTD:strtol.obj
 0002:000d5b10       _strtoul                   10169b10 f   LIBCMTD:strtol.obj
 0002:000d5b70       __strtoul_l                10169b70 f   LIBCMTD:strtol.obj
 0002:000d5ba0       ?_JumpToContinuation@@YGXPAXPAUEHRegistrationNode@@@Z 10169ba0 f   LIBCMTD:trnsctrl.obj
 0002:000d5be0       ?_CallMemberFunction0@@YGXPAX0@Z 10169be0 f   LIBCMTD:trnsctrl.obj
 0002:000d5bf0       ?_CallMemberFunction1@@YGXPAX00@Z 10169bf0 f   LIBCMTD:trnsctrl.obj
 0002:000d5c00       ?_CallMemberFunction2@@YGXPAX00H@Z 10169c00 f   LIBCMTD:trnsctrl.obj
 0002:000d5c10       ?_UnwindNestedFrames@@YGXPAUEHRegistrationNode@@PAUEHExceptionRecord@@@Z 10169c10 f   LIBCMTD:trnsctrl.obj
 0002:000d5c80       ___CxxFrameHandler         10169c80 f   LIBCMTD:trnsctrl.obj
 0002:000d5cd0       ___CxxFrameHandler3        10169cd0 f   LIBCMTD:trnsctrl.obj
 0002:000d5d20       ___CxxFrameHandler2        10169d20 f   LIBCMTD:trnsctrl.obj
 0002:000d5d70       ___CxxLongjmpUnwind@4      10169d70 f   LIBCMTD:trnsctrl.obj
 0002:000d5da0       ?_CallCatchBlock2@@YAPAXPAUEHRegistrationNode@@PBU_s_FuncInfo@@PAXHK@Z 10169da0 f   LIBCMTD:trnsctrl.obj
 0002:000d5e90       ?_CallSETranslator@@YAHPAUEHExceptionRecord@@PAUEHRegistrationNode@@PAX2PBU_s_FuncInfo@@H1@Z 10169e90 f   LIBCMTD:trnsctrl.obj
 0002:000d60a0       ?_GetRangeOfTrysToCheck@@YAPBU_s_TryBlockMapEntry@@PBU_s_FuncInfo@@HHPAI1@Z 1016a0a0 f   LIBCMTD:trnsctrl.obj
 0002:000d6150       __CreateFrameInfo          1016a150 f   LIBCMTD:trnsctrl.obj
 0002:000d6190       __IsExceptionObjectToBeDestroyed 1016a190 f   LIBCMTD:trnsctrl.obj
 0002:000d61d0       __FindAndUnlinkFrame       1016a1d0 f   LIBCMTD:trnsctrl.obj
 0002:000d6240       _memcpy_s                  1016a240 f   LIBCMTD:memcpy_s.obj
 0002:000d6430       _memmove_s                 1016a430 f   LIBCMTD:memmove_s.obj
 0002:000d65e0       _abs                       1016a5e0 f   LIBCMTD:abs.obj
 0002:000d6610       __abs64                    1016a610 f   LIBCMTD:abs.obj
 0002:000d6660       __vsnprintf_helper         1016a660 f   LIBCMTD:vsnprnc.obj
 0002:000d68a0       __vsnprintf_c              1016a8a0 f   LIBCMTD:vsnprnc.obj
 0002:000d6900       __vsnprintf_c_l            1016a900 f   LIBCMTD:vsnprnc.obj
 0002:000d6960       __vsprintf_s_l             1016a960 f   LIBCMTD:vsnprnc.obj
 0002:000d6c60       _vsprintf_s                1016ac60 f   LIBCMTD:vsnprnc.obj
 0002:000d6c90       __vsnprintf_s_l            1016ac90 f   LIBCMTD:vsnprnc.obj
 0002:000d7110       __vsnprintf_s              1016b110 f   LIBCMTD:vsnprnc.obj
 0002:000d7140       __vsprintf_p               1016b140 f   LIBCMTD:vsnprnc.obj
 0002:000d71a0       __vsprintf_p_l             1016b1a0 f   LIBCMTD:vsnprnc.obj
 0002:000d7200       __ftol2_sse                1016b200 f   LIBCMTD:ftol2.obj
 0002:000d7209       __ftol2_pentium4           1016b209 f   LIBCMTD:ftol2.obj
 0002:000d721c       __ftol2_sse_excpt          1016b21c f   LIBCMTD:ftol2.obj
 0002:000d7236       __ftol2                    1016b236 f   LIBCMTD:ftol2.obj
 0002:000d72e0       __allrem                   1016b2e0 f   LIBCMTD:llrem.obj
 0002:000d73c0       __allmul                   1016b3c0 f   LIBCMTD:llmul.obj
 0002:000d7410       __alldiv                   1016b410 f   LIBCMTD:lldiv.obj
 0002:000d74f0       _sprintf                   1016b4f0 f   LIBCMTD:sprintf.obj
 0002:000d76d0       __sprintf_l                1016b6d0 f   LIBCMTD:sprintf.obj
 0002:000d7700       _sprintf_s                 1016b700 f   LIBCMTD:sprintf.obj
 0002:000d7740       __sprintf_s_l              1016b740 f   LIBCMTD:sprintf.obj
 0002:000d7780       __snprintf_s               1016b780 f   LIBCMTD:sprintf.obj
 0002:000d77c0       __snprintf_s_l             1016b7c0 f   LIBCMTD:sprintf.obj
 0002:000d7800       __sprintf_p                1016b800 f   LIBCMTD:sprintf.obj
 0002:000d7840       __sprintf_p_l              1016b840 f   LIBCMTD:sprintf.obj
 0002:000d7880       __scprintf                 1016b880 f   LIBCMTD:sprintf.obj
 0002:000d78b0       __scprintf_p               1016b8b0 f   LIBCMTD:sprintf.obj
 0002:000d78e0       __scprintf_l               1016b8e0 f   LIBCMTD:sprintf.obj
 0002:000d7910       __scprintf_p_l             1016b910 f   LIBCMTD:sprintf.obj
 0002:000d7940       _fflush                    1016b940 f   LIBCMTD:fflush.obj
 0002:000d7a00       __fflush_nolock            1016ba00 f   LIBCMTD:fflush.obj
 0002:000d7a70       __flush                    1016ba70 f   LIBCMTD:fflush.obj
 0002:000d7b60       __flushall                 1016bb60 f   LIBCMTD:fflush.obj
 0002:000d7d90       ___iob_func                1016bd90 f   LIBCMTD:_file.obj
 0002:000d7da0       ___initstdio               1016bda0 f   LIBCMTD:_file.obj
 0002:000d7f40       ___endstdio                1016bf40 f   LIBCMTD:_file.obj
 0002:000d7f80       __lock_file                1016bf80 f   LIBCMTD:_file.obj
 0002:000d7fd0       __lock_file2               1016bfd0 f   LIBCMTD:_file.obj
 0002:000d8010       __unlock_file              1016c010 f   LIBCMTD:_file.obj
 0002:000d8060       __unlock_file2             1016c060 f   LIBCMTD:_file.obj
 0002:000d80a0       _srand                     1016c0a0 f   LIBCMTD:rand.obj
 0002:000d80c0       _rand                      1016c0c0 f   LIBCMTD:rand.obj
 0002:000d8110       __CRT_INIT@12              1016c110 f   LIBCMTD:dllcrt0.obj
 0002:000d84a0       __set_osplatform           1016c4a0 f i LIBCMTD:dllcrt0.obj
 0002:000d84b0       __set_osver                1016c4b0 f i LIBCMTD:dllcrt0.obj
 0002:000d84c0       __set_winver               1016c4c0 f i LIBCMTD:dllcrt0.obj
 0002:000d84d0       __set_winmajor             1016c4d0 f i LIBCMTD:dllcrt0.obj
 0002:000d84e0       __set_winminor             1016c4e0 f i LIBCMTD:dllcrt0.obj
 0002:000d84f0       __DllMainCRTStartup@12     1016c4f0 f   LIBCMTD:dllcrt0.obj
 0002:000d873c       __global_unwind2           1016c73c f   LIBCMTD:exsup.obj
 0002:000d87a1       __local_unwind2            1016c7a1 f   LIBCMTD:exsup.obj
 0002:000d8825       __abnormal_termination     1016c825 f   LIBCMTD:exsup.obj
 0002:000d8848       __NLG_Notify1              1016c848 f   LIBCMTD:exsup.obj
 0002:000d8851       __NLG_Notify               1016c851 f   LIBCMTD:exsup.obj
 0002:000d8868       __NLG_Dispatch             1016c868     LIBCMTD:exsup.obj
 0002:000d8868       __NLG_Dispatch2            1016c868     LIBCMTD:exsup.obj
 0002:000d8870       __NLG_Call                 1016c870 f   LIBCMTD:exsup.obj
 0002:000d8872       __NLG_Return2              1016c872     LIBCMTD:exsup.obj
 0002:000d88c0       __EH_prolog                1016c8c0 f   LIBCMTD:ehprolog.obj
 0002:000d88f0       __purecall                 1016c8f0 f   LIBCMTD:purevirt.obj
 0002:000d8940       __set_purecall_handler     1016c940 f   LIBCMTD:purevirt.obj
 0002:000d8990       __get_purecall_handler     1016c990 f   LIBCMTD:purevirt.obj
 0002:000d89b0       __RTC_NumErrors            1016c9b0 f   LIBCMTD:userapi.obj
 0002:000d89c0       __RTC_GetErrDesc           1016c9c0 f   LIBCMTD:userapi.obj
 0002:000d89e0       __RTC_SetErrorType         1016c9e0 f   LIBCMTD:userapi.obj
 0002:000d8a10       __RTC_SetErrorFunc         1016ca10 f   LIBCMTD:userapi.obj
 0002:000d8a40       __RTC_SetErrorFuncW        1016ca40 f   LIBCMTD:userapi.obj
 0002:000d8a70       ?_RTC_GetErrorFunc@@YAP6AHHPBDH00ZZPBX@Z 1016ca70 f   LIBCMTD:userapi.obj
 0002:000d8a80       ?_RTC_GetErrorFuncW@@YAP6AHHPB_WH00ZZPBX@Z 1016ca80 f   LIBCMTD:userapi.obj
 0002:000d8a90       __chkesp                   1016ca90 f   LIBCMTD:chkesp.obj
 0002:000d8ae0       __CRT_RTC_INIT             1016cae0 f   LIBCMTD:chkesp.obj
 0002:000d8af0       __CRT_RTC_INITW            1016caf0 f   LIBCMTD:chkesp.obj
 0002:000d8b00       __VEC_memcpy               1016cb00 f   LIBCMTD:p4_memcpy.obj
 0002:000d8cd0       __sse2_mathfcns_init       1016ccd0 f   LIBCMTD:mathfcns.obj
 0002:000d8d00       __set_SSE2_enable          1016cd00 f   LIBCMTD:mathfcns.obj
 0002:000d8d30       ___report_gsfailure        1016cd30 f   LIBCMTD:gs_report.obj
 0002:000d8e80       __except_handler4          1016ce80 f   LIBCMTD:chandler4.obj
 0002:000d9120       ?_RTC_GetSrcLine@@YAHPAEPA_WKPAH1K@Z 1016d120 f   LIBCMTD:pdblkup.obj
 0002:000d96d0       __stbuf                    1016d6d0 f   LIBCMTD:_sftbuf.obj
 0002:000d9880       __ftbuf                    1016d880 f   LIBCMTD:_sftbuf.obj
 0002:000d9930       _fwrite                    1016d930 f   LIBCMTD:fwrite.obj
 0002:000d9af0       __fwrite_nolock            1016daf0 f   LIBCMTD:fwrite.obj
 0002:000d9e20       __ioinit                   1016de20 f   LIBCMTD:ioinit.obj
 0002:000da3c0       __ioterm                   1016e3c0 f   LIBCMTD:ioinit.obj
 0002:000da490       __fileno                   1016e490 f   LIBCMTD:fileno.obj
 0002:000da520       __initp_misc_invarg        1016e520 f   LIBCMTD:invarg.obj
 0002:000da530       __invalid_parameter        1016e530 f   LIBCMTD:invarg.obj
 0002:000da5b0       __invoke_watson            1016e5b0 f   LIBCMTD:invarg.obj
 0002:000da730       __set_invalid_parameter_handler 1016e730 f   LIBCMTD:invarg.obj
 0002:000da780       __get_invalid_parameter_handler 1016e780 f   LIBCMTD:invarg.obj
 0002:000da7c0       ?_invalid_parameter@@YAXPBG00II@Z 1016e7c0 f   LIBCMTD:invarg.obj
 0002:000da7f0       ?_invoke_watson@@YAXPBG00II@Z 1016e7f0 f   LIBCMTD:invarg.obj
 0002:000da820       __dosmaperr                1016e820 f   LIBCMTD:dosmap.obj
 0002:000da850       __get_errno_from_oserr     1016e850 f   LIBCMTD:dosmap.obj
 0002:000da8e0       __set_errno                1016e8e0 f   LIBCMTD:dosmap.obj
 0002:000da920       __get_errno                1016e920 f   LIBCMTD:dosmap.obj
 0002:000da9c0       __set_doserrno             1016e9c0 f   LIBCMTD:dosmap.obj
 0002:000daa00       __get_doserrno             1016ea00 f   LIBCMTD:dosmap.obj
 0002:000daaa0       __errno                    1016eaa0 f   LIBCMTD:dosmap.obj
 0002:000daad0       ___doserrno                1016ead0 f   LIBCMTD:dosmap.obj
 0002:000dab00       __CrtSetReportHookW2       1016eb00 f   LIBCMTD:dbgrptw.obj
 0002:000daef0       __CrtDbgReportW            1016eef0 f   LIBCMTD:dbgrptw.obj
 0002:000daf40       __CrtDbgReportWV           1016ef40 f i LIBCMTD:dbgrptw.obj
 0002:000db350       ___crtMessageWindowW       1016f350 f   LIBCMTD:dbgrptw.obj
 0002:000db850       ?_CrtDbgReportW@@YAHHPBGH00ZZ 1016f850 f   LIBCMTD:dbgrptw.obj
 0002:000db8a0       __output_l                 1016f8a0 f   LIBCMTD:output.obj
 0002:000dd230       _get_int_arg               10171230 f i LIBCMTD:output.obj
 0002:000dd250       _get_int64_arg             10171250 f i LIBCMTD:output.obj
 0002:000dd280       _get_short_arg             10171280 f i LIBCMTD:output.obj
 0002:000dd2b0       _vprintf_helper            101712b0 f   LIBCMTD:vprintf.obj
 0002:000dd410       __vprintf_l                10171410 f   LIBCMTD:vprintf.obj
 0002:000dd440       __vprintf_s_l              10171440 f   LIBCMTD:vprintf.obj
 0002:000dd470       __vprintf_p_l              10171470 f   LIBCMTD:vprintf.obj
 0002:000dd4a0       _vprintf                   101714a0 f   LIBCMTD:vprintf.obj
 0002:000dd4d0       _vprintf_s                 101714d0 f   LIBCMTD:vprintf.obj
 0002:000dd500       __vprintf_p                10171500 f   LIBCMTD:vprintf.obj
 0002:000dd530       __initp_heap_handler       10171530 f   LIBCMTD:handler.obj
 0002:000dd540       ?_set_new_handler@@YAP6AHI@ZP6AHI@Z@Z 10171540 f   LIBCMTD:handler.obj
 0002:000dd5a0       ?_set_new_handler@@YAP6AHI@ZH@Z 101715a0 f   LIBCMTD:handler.obj
 0002:000dd5e0       ?_query_new_handler@@YAP6AHI@ZXZ 101715e0 f   LIBCMTD:handler.obj
 0002:000dd600       __callnewh                 10171600 f   LIBCMTD:handler.obj
 0002:000dd650       __mtinitlocks              10171650 f   LIBCMTD:mlock.obj
 0002:000dd700       __mtdeletelocks            10171700 f   LIBCMTD:mlock.obj
 0002:000dd7f0       __mtinitlocknum            101717f0 f   LIBCMTD:mlock.obj
 0002:000dd990       __lock                     10171990 f   LIBCMTD:mlock.obj
 0002:000dd9e0       __unlock                   101719e0 f   LIBCMTD:mlock.obj
 0002:000dda00       __lockerr_exit             10171a00 f   LIBCMTD:mlock.obj
 0002:000dda30       _V6_HeapAlloc              10171a30 f   LIBCMTD:malloc.obj
 0002:000ddaf0       __malloc_base              10171af0 f   LIBCMTD:malloc.obj
 0002:000ddba0       __heap_alloc_base          10171ba0 f i LIBCMTD:malloc.obj
 0002:000ddc80       __CrtSetReportHook2        10171c80 f   LIBCMTD:dbgrpt.obj
 0002:000de070       __CrtDbgReport             10172070 f   LIBCMTD:dbgrpt.obj
 0002:000de0c0       __CrtDbgReportV            101720c0 f i LIBCMTD:dbgrpt.obj
 0002:000de0f0       ___crtMessageWindowA       101720f0 f   LIBCMTD:dbgrpt.obj
 0002:000de5f0       __CrtDefaultAllocHook      101725f0 f   LIBCMTD:dbghook.obj
 0002:000de600       __crt_debugger_hook        10172600 f   LIBCMTD:dbghook.obj
 0002:000de620       __expand_base              10172620 f   LIBCMTD:expand.obj
 0002:000de860       __realloc_base             10172860 f   LIBCMTD:realloc.obj
 0002:000dece0       __recalloc_base            10172ce0 f   LIBCMTD:realloc.obj
 0002:000dedb0       __free_base                10172db0 f   LIBCMTD:free.obj
 0002:000def20       __heapchk                  10172f20 f   LIBCMTD:heapchk.obj
 0002:000df020       __heapset                  10173020 f   LIBCMTD:heapchk.obj
 0002:000df030       ___heap_select             10173030 f   LIBCMTD:heapinit.obj
 0002:000df0e0       __heap_init                101730e0 f   LIBCMTD:heapinit.obj
 0002:000df170       __heap_term                10173170 f   LIBCMTD:heapinit.obj
 0002:000df230       __get_heap_handle          10173230 f   LIBCMTD:heapinit.obj
 0002:000df280       __get_sbh_threshold        10173280 f   LIBCMTD:sbheap.obj
 0002:000df2e0       __set_sbh_threshold        101732e0 f   LIBCMTD:sbheap.obj
 0002:000df4d0       __set_amblksiz             101734d0 f   LIBCMTD:sbheap.obj
 0002:000df610       __get_amblksiz             10173610 f   LIBCMTD:sbheap.obj
 0002:000df740       ___sbh_heap_init           10173740 f   LIBCMTD:sbheap.obj
[...]
 0004:0000ad14       ?fExplicitTemplateParams@UnDecorator@@0_NA 1022fd14     LIBCMTD:undname.obj
 0004:0000ad15       ?fGetTemplateArgumentList@UnDecorator@@0_NA 1022fd15     LIBCMTD:undname.obj
 0004:0000aefc       _ptpTLSSlot                1022fefc     <common>
 0004:0000af20       _dummyBuf                  1022ff20     <common>
 0004:0000c8e0       _rBuf                      102318e0     <common>
 0004:0000d8e0       _okLocalDataStruct         102328e0     <common>
 0004:0000d900       _tBuf                      10232900     <common>
 0004:0000e900       _okLocalData               10233900     <common>
 0004:0000e904       _LptPortBase               10233904     <common>
 0004:0000e914       _PortIoType                10233914     <common>
 0004:0000e918       __pfnReportHook            10233918     <common>
 0004:0000e928       __pReportHookListW         10233928     <common>
 0004:0000e92c       __pReportHookList          1023392c     <common>
 0004:0000e930       ___setlc_active            10233930     <common>
 0004:0000e940       ___unguarded_readlc_active 10233940     <common>
 0004:0000e944       ___env_initialized         10233944     <common>
 0004:0000e954       ___onexitend               10233954     <common>
 0004:0000e958       ___onexitbegin             10233958     <common>
 0004:0000e95c       ___mbctype_initialized     1023395c     <common>
 0004:0000e960       ___dyn_tls_init_callback   10233960     <common>
 0004:0000e964       ___sbh_initialized         10233964     <common>
 0004:0000e978       ___sbh_cntHeaderList       10233978     <common>
 0004:0000e97c       ___sbh_pHeaderList         1023397c     <common>
 0004:0000e980       ___sbh_threshold           10233980     <common>
 0004:0000e984       ___sbh_pHeaderScan         10233984     <common>
 0004:0000e988       ___sbh_sizeHeaderList      10233988     <common>
 0004:0000e98c       ___sbh_indGroupDefer       1023398c     <common>
 0004:0000e990       ___active_heap             10233990     <common>
 0004:0000e99c       __debugger_hook_dummy      1023399c     <common>
 0004:0000e9a8       __nhandle                  102339a8     <common>
 0004:0000ea00       ___pioinfo                 10233a00     <common>
 0004:0000eb00       ___use_sse2_mathfcns       10233b00     <common>
 0004:0000eb10       ___sse2_available          10233b10     <common>
 0004:0000eb14       __acmdln                   10233b14     <common>
 0004:0000eb20       ___piob                    10233b20     <common>
 0004:0000ee60       __bufin                    10233e60     <common>
 0004:0000fe60       __nstream                  10234e60     <common>
 0005:00000000       __IMPORT_DESCRIPTOR_WS2_32 10235000     Ws2_32:WS2_32.dll
 0005:00000014       __IMPORT_DESCRIPTOR_python24 10235014     python24:python24.dll
 0005:00000028       __IMPORT_DESCRIPTOR_SHLWAPI 10235028     shlwapi:SHLWAPI.dll
 0005:0000003c       __IMPORT_DESCRIPTOR_KERNEL32 1023503c     kernel32:KERNEL32.dll
 0005:00000050       __IMPORT_DESCRIPTOR_ole32  10235050     ole32:ole32.dll
 0005:00000064       __IMPORT_DESCRIPTOR_SETUPAPI 10235064     CyAPI:SETUPAPI.dll
 0005:00000078       __IMPORT_DESCRIPTOR_USER32 10235078     user32:USER32.dll
 0005:0000008c       __NULL_IMPORT_DESCRIPTOR   1023508c     Ws2_32:WS2_32.dll
 0005:0000055c       __imp__TlsSetValue@8       1023555c     kernel32:KERNEL32.dll
 0005:00000560       __imp__CreateEventA@16     10235560     kernel32:KERNEL32.dll
 0005:00000564       __imp__DeviceIoControl@32  10235564     kernel32:KERNEL32.dll
 0005:00000568       __imp__SetEnvironmentVariableA@8 10235568     kernel32:KERNEL32.dll
 0005:0000056c       __imp__CompareStringW@24   1023556c     kernel32:KERNEL32.dll
 0005:00000570       __imp__CompareStringA@24   10235570     kernel32:KERNEL32.dll
 0005:00000574       __imp__GetTimeZoneInformation@4 10235574     kernel32:KERNEL32.dll
 0005:00000578       __imp__GetLocaleInfoW@16   10235578     kernel32:KERNEL32.dll
 0005:0000057c       __imp__GetConsoleOutputCP@0 1023557c     kernel32:KERNEL32.dll
 0005:00000580       __imp__WriteConsoleA@20    10235580     kernel32:KERNEL32.dll
 0005:00000584       __imp__SetStdHandle@8      10235584     kernel32:KERNEL32.dll
 0005:00000588       __imp__SetFilePointer@16   10235588     kernel32:KERNEL32.dll
 0005:0000058c       __imp__GetUserDefaultLCID@0 1023558c     kernel32:KERNEL32.dll
 0005:00000590       __imp__EnumSystemLocalesA@8 10235590     kernel32:KERNEL32.dll
 0005:00000594       __imp__IsValidCodePage@4   10235594     kernel32:KERNEL32.dll
 0005:00000598       __imp__IsValidLocale@8     10235598     kernel32:KERNEL32.dll
 0005:0000059c       __imp__GetLocaleInfoA@16   1023559c     kernel32:KERNEL32.dll
 0005:000005a0       __imp__GetDateFormatA@24   102355a0     kernel32:KERNEL32.dll
 0005:000005a4       __imp__GetTimeFormatA@24   102355a4     kernel32:KERNEL32.dll
 0005:000005a8       __imp__GetStringTypeW@16   102355a8     kernel32:KERNEL32.dll
 0005:000005ac       __imp__GetStringTypeA@20   102355ac     kernel32:KERNEL32.dll
 0005:000005b0       __imp__LCMapStringW@24     102355b0     kernel32:KERNEL32.dll
 0005:000005b4       __imp__LCMapStringA@24     102355b4     kernel32:KERNEL32.dll
 0005:000005b8       __imp__InterlockedExchange@8 102355b8     kernel32:KERNEL32.dll
 0005:000005bc       __imp__LoadLibraryW@4      102355bc     kernel32:KERNEL32.dll
 0005:000005c0       __imp__SetConsoleCtrlHandler@8 102355c0     kernel32:KERNEL32.dll
 0005:000005c4       __imp__OutputDebugStringW@4 102355c4     kernel32:KERNEL32.dll
 0005:000005c8       __imp__WriteConsoleW@20    102355c8     kernel32:KERNEL32.dll
 0005:000005cc       __imp__OutputDebugStringA@4 102355cc     kernel32:KERNEL32.dll
 0005:000005d0       __imp__InitializeCriticalSection@4 102355d0     kernel32:KERNEL32.dll
 0005:000005d4       __imp__GetSystemTimeAsFileTime@4 102355d4     kernel32:KERNEL32.dll
 0005:000005d8       __imp__GetCurrentProcessId@0 102355d8     kernel32:KERNEL32.dll
 0005:000005dc       __imp__QueryPerformanceCounter@4 102355dc     kernel32:KERNEL32.dll
 0005:000005e0       __imp__GetEnvironmentStringsW@0 102355e0     kernel32:KERNEL32.dll
 0005:000005e4       __imp__FreeEnvironmentStringsW@4 102355e4     kernel32:KERNEL32.dll
 0005:000005e8       __imp__GetEnvironmentStrings@0 102355e8     kernel32:KERNEL32.dll
 0005:000005ec       __imp__FreeEnvironmentStringsA@4 102355ec     kernel32:KERNEL32.dll
 0005:000005f0       __imp__GetConsoleMode@8    102355f0     kernel32:KERNEL32.dll
 0005:000005f4       __imp__GetConsoleCP@0      102355f4     kernel32:KERNEL32.dll
 0005:000005f8       __imp__WriteFile@20        102355f8     kernel32:KERNEL32.dll
 0005:000005fc       __imp__FlushFileBuffers@4  102355fc     kernel32:KERNEL32.dll
 0005:00000600       __imp__GetCurrentThread@0  10235600     kernel32:KERNEL32.dll
 0005:00000604       __imp__SetLastError@4      10235604     kernel32:KERNEL32.dll
 0005:00000608       __imp__GetCPInfo@8         10235608     kernel32:KERNEL32.dll
 0005:0000060c       __imp__GetOEMCP@0          1023560c     kernel32:KERNEL32.dll
 0005:00000610       __imp__GetACP@0            10235610     kernel32:KERNEL32.dll
 0005:00000614       __imp__ExitProcess@4       10235614     kernel32:KERNEL32.dll
 0005:00000618       __imp__GetModuleHandleA@4  10235618     kernel32:KERNEL32.dll
 0005:0000061c       __imp__InterlockedDecrement@4 1023561c     kernel32:KERNEL32.dll
 0005:00000620       __imp__InterlockedIncrement@4 10235620     kernel32:KERNEL32.dll
 0005:00000624       __imp__VirtualAlloc@16     10235624     kernel32:KERNEL32.dll
 0005:00000628       __imp__VirtualFree@12      10235628     kernel32:KERNEL32.dll
 0005:0000062c       __imp__HeapCreate@12       1023562c     kernel32:KERNEL32.dll
 0005:00000630       __imp__HeapDestroy@4       10235630     kernel32:KERNEL32.dll
 0005:00000634       __imp__HeapReAlloc@16      10235634     kernel32:KERNEL32.dll
 0005:00000638       __imp__FatalAppExitA@8     10235638     kernel32:KERNEL32.dll
 0005:0000063c       __imp__DeleteCriticalSection@4 1023563c     kernel32:KERNEL32.dll
 0005:00000640       __imp__GetStartupInfoA@4   10235640     kernel32:KERNEL32.dll
 0005:00000644       __imp__GetFileType@4       10235644     kernel32:KERNEL32.dll
 0005:00000648       __imp__GetStdHandle@4      10235648     kernel32:KERNEL32.dll
 0005:0000064c       __imp__SetHandleCount@4    1023564c     kernel32:KERNEL32.dll
 0005:00000650       __imp__VirtualQuery@12     10235650     kernel32:KERNEL32.dll
 0005:00000654       __imp__GetModuleFileNameW@12 10235654     kernel32:KERNEL32.dll
 0005:00000658       __imp__SetUnhandledExceptionFilter@4 10235658     kernel32:KERNEL32.dll
 0005:0000065c       __imp__UnhandledExceptionFilter@4 1023565c     kernel32:KERNEL32.dll
 0005:00000660       __imp__GetCurrentProcess@0 10235660     kernel32:KERNEL32.dll
 0005:00000664       __imp__TerminateProcess@8  10235664     kernel32:KERNEL32.dll
 0005:00000668       __imp__GetProcessHeap@0    10235668     kernel32:KERNEL32.dll
 0005:0000066c       __imp__HeapAlloc@12        1023566c     kernel32:KERNEL32.dll
 0005:00000670       __imp__GetVersionExA@4     10235670     kernel32:KERNEL32.dll
 0005:00000674       __imp__HeapFree@12         10235674     kernel32:KERNEL32.dll
 0005:00000678       __imp__GetCommandLineA@0   10235678     kernel32:KERNEL32.dll
 0005:0000067c       __imp__GetCurrentThreadId@0 1023567c     kernel32:KERNEL32.dll
 0005:00000680       __imp__LeaveCriticalSection@4 10235680     kernel32:KERNEL32.dll
 0005:00000684       __imp__EnterCriticalSection@4 10235684     kernel32:KERNEL32.dll
 0005:00000688       __imp__RtlUnwind@16        10235688     kernel32:KERNEL32.dll
 0005:0000068c       __imp__IsBadReadPtr@8      1023568c     kernel32:KERNEL32.dll
 0005:00000690       __imp__HeapValidate@12     10235690     kernel32:KERNEL32.dll
 0005:00000694       __imp__lstrlenA@4          10235694     kernel32:KERNEL32.dll
 0005:00000698       __imp__MultiByteToWideChar@24 10235698     kernel32:KERNEL32.dll
 0005:0000069c       __imp__IsDebuggerPresent@0 1023569c     kernel32:KERNEL32.dll
 0005:000006a0       __imp__WideCharToMultiByte@32 102356a0     kernel32:KERNEL32.dll
 0005:000006a4       __imp__CreateFileA@28      102356a4     kernel32:KERNEL32.dll
 0005:000006a8       __imp__RaiseException@16   102356a8     kernel32:KERNEL32.dll
 0005:000006ac       __imp__CloseHandle@4       102356ac     kernel32:KERNEL32.dll
 0005:000006b0       __imp__UnmapViewOfFile@4   102356b0     kernel32:KERNEL32.dll
 0005:000006b4       __imp__TlsFree@4           102356b4     kernel32:KERNEL32.dll
 0005:000006b8       __imp__MapViewOfFile@20    102356b8     kernel32:KERNEL32.dll
 0005:000006bc       __imp__GetLastError@0      102356bc     kernel32:KERNEL32.dll
 0005:000006c0       __imp__CreateFileMappingA@24 102356c0     kernel32:KERNEL32.dll
 0005:000006c4       __imp__TlsAlloc@0          102356c4     kernel32:KERNEL32.dll
 0005:000006c8       __imp__GetModuleFileNameA@12 102356c8     kernel32:KERNEL32.dll
 0005:000006cc       __imp__CreateMutexA@12     102356cc     kernel32:KERNEL32.dll
 0005:000006d0       __imp__ReleaseMutex@4      102356d0     kernel32:KERNEL32.dll
 0005:000006d4       __imp__WaitForSingleObject@8 102356d4     kernel32:KERNEL32.dll
 0005:000006d8       __imp__GetProcAddress@8    102356d8     kernel32:KERNEL32.dll
 0005:000006dc       __imp__LoadLibraryA@4      102356dc     kernel32:KERNEL32.dll
 0005:000006e0       __imp__FreeLibrary@4       102356e0     kernel32:KERNEL32.dll
 0005:000006e4       __imp__Sleep@4             102356e4     kernel32:KERNEL32.dll
 0005:000006e8       __imp__DebugBreak@0        102356e8     kernel32:KERNEL32.dll
 0005:000006ec       __imp__TlsGetValue@4       102356ec     kernel32:KERNEL32.dll
 0005:000006f0       __imp__GetTickCount@0      102356f0     kernel32:KERNEL32.dll
 0005:000006f4       __imp__GetOverlappedResult@16 102356f4     kernel32:KERNEL32.dll
 0005:000006f8       \177KERNEL32_NULL_THUNK_DATA 102356f8     kernel32:KERNEL32.dll
 0005:00000774       __imp__SetupDiDestroyDeviceInfoList@4 10235774     CyAPI:SETUPAPI.dll
 0005:00000778       __imp__SetupDiEnumDeviceInterfaces@20 10235778     CyAPI:SETUPAPI.dll
 0005:0000077c       __imp__SetupDiGetClassDevsA@16 1023577c     CyAPI:SETUPAPI.dll
 0005:00000780       __imp__SetupDiGetDeviceInterfaceDetailA@24 10235780     CyAPI:SETUPAPI.dll
 0005:00000784       \177SETUPAPI_NULL_THUNK_DATA 10235784     CyAPI:SETUPAPI.dll
 0005:000007b0       __imp__PathRemoveFileSpecA@4 102357b0     shlwapi:SHLWAPI.dll
 0005:000007b4       \177SHLWAPI_NULL_THUNK_DATA 102357b4     shlwapi:SHLWAPI.dll
 0005:000007e0       __imp__RegisterDeviceNotificationA@12 102357e0     user32:USER32.dll
 0005:000007e4       __imp__UnregisterDeviceNotification@4 102357e4     user32:USER32.dll
 0005:000007e8       \177USER32_NULL_THUNK_DATA 102357e8     user32:USER32.dll
 0005:00000814       __imp__htonl@4             10235814     Ws2_32:WS2_32.dll
 0005:00000818       __imp__ntohs@4             10235818     Ws2_32:WS2_32.dll
 0005:0000081c       __imp__htons@4             1023581c     Ws2_32:WS2_32.dll
 0005:00000820       \177WS2_32_NULL_THUNK_DATA 10235820     Ws2_32:WS2_32.dll
 0005:0000084c       __imp__CLSIDFromString@8   1023584c     ole32:ole32.dll
 0005:00000850       \177ole32_NULL_THUNK_DATA  10235850     ole32:ole32.dll
 0005:0000087c       __imp__PyCObject_FromVoidPtr 1023587c     python24:python24.dll
 0005:00000880       __imp__PyModule_AddObject  10235880     python24:python24.dll
 0005:00000884       __imp__PyCObject_Import    10235884     python24:python24.dll
 0005:00000888       __imp__PyDict_SetItemString 10235888     python24:python24.dll
 0005:0000088c       __imp__Py_InitModule4      1023588c     python24:python24.dll
 0005:00000890       __imp__PyModule_GetDict    10235890     python24:python24.dll
 0005:00000894       __imp__PyTuple_GetSlice    10235894     python24:python24.dll
 0005:00000898       __imp__PyTuple_Size        10235898     python24:python24.dll
 0005:0000089c       __imp__PyFloat_FromDouble  1023589c     python24:python24.dll
 0005:000008a0       __imp__PyFloat_Type        102358a0     python24:python24.dll
 0005:000008a4       __imp__PyFloat_AsDouble    102358a4     python24:python24.dll
 0005:000008a8       __imp__PyLong_AsDouble     102358a8     python24:python24.dll
 0005:000008ac       __imp__PyString_FromStringAndSize 102358ac     python24:python24.dll
 0005:000008b0       __imp__PyString_Type       102358b0     python24:python24.dll
 0005:000008b4       __imp__PyString_AsStringAndSize 102358b4     python24:python24.dll
 0005:000008b8       __imp___Py_NoneStruct      102358b8     python24:python24.dll
 0005:000008bc       __imp__PyList_Type         102358bc     python24:python24.dll
 0005:000008c0       __imp__PyList_New          102358c0     python24:python24.dll
 0005:000008c4       __imp__PyList_SetItem      102358c4     python24:python24.dll
 0005:000008c8       __imp__PyList_Append       102358c8     python24:python24.dll
 0005:000008cc       __imp__PyClass_Type        102358cc     python24:python24.dll
 0005:000008d0       __imp__PyObject_GetAttrString 102358d0     python24:python24.dll
 0005:000008d4       __imp__PyObject_Call       102358d4     python24:python24.dll
 0005:000008d8       __imp__PyDict_New          102358d8     python24:python24.dll
 0005:000008dc       __imp__PyDict_SetItem      102358dc     python24:python24.dll
 0005:000008e0       __imp__PyInstance_NewRaw   102358e0     python24:python24.dll
 0005:000008e4       __imp__PyLong_FromUnsignedLong 102358e4     python24:python24.dll
 0005:000008e8       __imp__PyLong_AsUnsignedLong 102358e8     python24:python24.dll
 0005:000008ec       __imp__PyInt_FromLong      102358ec     python24:python24.dll
 0005:000008f0       __imp__PyInt_Type          102358f0     python24:python24.dll
 0005:000008f4       __imp__PyType_IsSubtype    102358f4     python24:python24.dll
 0005:000008f8       __imp__PyInt_AsLong        102358f8     python24:python24.dll
 0005:000008fc       __imp__PyLong_Type         102358fc     python24:python24.dll
 0005:00000900       __imp__PyLong_AsLong       10235900     python24:python24.dll
 0005:00000904       __imp__PyInstance_Type     10235904     python24:python24.dll
 0005:00000908       __imp___PyInstance_Lookup  10235908     python24:python24.dll
 0005:0000090c       __imp__PyEval_RestoreThread 1023590c     python24:python24.dll
 0005:00000910       __imp__PyDict_GetItem      10235910     python24:python24.dll
 0005:00000914       __imp___PyWeakref_ProxyType 10235914     python24:python24.dll
 0005:00000918       __imp___PyWeakref_CallableProxyType 10235918     python24:python24.dll
 0005:0000091c       __imp__PyObject_GetAttr    1023591c     python24:python24.dll
 0005:00000920       __imp__PyErr_Occurred      10235920     python24:python24.dll
 0005:00000924       __imp__PyErr_Clear         10235924     python24:python24.dll
 0005:00000928       __imp__PyErr_SetString     10235928     python24:python24.dll
 0005:0000092c       __imp__PyExc_MemoryError   1023592c     python24:python24.dll
 0005:00000930       __imp__PyExc_IOError       10235930     python24:python24.dll
 0005:00000934       __imp__PyExc_RuntimeError  10235934     python24:python24.dll
 0005:00000938       __imp__PyExc_IndexError    10235938     python24:python24.dll
 0005:0000093c       __imp__PyExc_TypeError     1023593c     python24:python24.dll
 0005:00000940       __imp__PyExc_ZeroDivisionError 10235940     python24:python24.dll
 0005:00000944       __imp__PyExc_OverflowError 10235944     python24:python24.dll
 0005:00000948       __imp__PyExc_SyntaxError   10235948     python24:python24.dll
 0005:0000094c       __imp__PyExc_ValueError    1023594c     python24:python24.dll
 0005:00000950       __imp__PyExc_SystemError   10235950     python24:python24.dll
 0005:00000954       __imp__PyExc_AttributeError 10235954     python24:python24.dll
 0005:00000958       __imp__PyArg_ParseTuple    10235958     python24:python24.dll
 0005:0000095c       __imp__PyObject_Malloc     1023595c     python24:python24.dll
 0005:00000960       __imp__PyObject_Init       10235960     python24:python24.dll
 0005:00000964       __imp__PyObject_CallFunctionObjArgs 10235964     python24:python24.dll
 0005:00000968       __imp__PyObject_Free       10235968     python24:python24.dll
 0005:0000096c       __imp__PyObject_GenericGetAttr 1023596c     python24:python24.dll
 0005:00000970       __imp__PyType_Type         10235970     python24:python24.dll
 0005:00000974       __imp__PyArg_UnpackTuple   10235974     python24:python24.dll
 0005:00000978       __imp__PyBool_FromLong     10235978     python24:python24.dll
 0005:0000097c       __imp__PyObject_IsTrue     1023597c     python24:python24.dll
 0005:00000980       __imp__Py_BuildValue       10235980     python24:python24.dll
 0005:00000984       __imp__PyString_AsString   10235984     python24:python24.dll
 0005:00000988       __imp__PyString_FromFormat 10235988     python24:python24.dll
 0005:0000098c       __imp__PyString_ConcatAndDel 1023598c     python24:python24.dll
 0005:00000990       __imp__PyTuple_New         10235990     python24:python24.dll
 0005:00000994       __imp__PyTuple_SetItem     10235994     python24:python24.dll
 0005:00000998       __imp__PyString_FromString 10235998     python24:python24.dll
 0005:0000099c       __imp__PyString_Format     1023599c     python24:python24.dll
 0005:000009a0       __imp__PyLong_FromVoidPtr  102359a0     python24:python24.dll
 0005:000009a4       __imp__PyEval_SaveThread   102359a4     python24:python24.dll
 0005:000009a8       __imp__PyObject_CallFunction 102359a8     python24:python24.dll
 0005:000009ac       __imp___PyObject_GetDictPtr 102359ac     python24:python24.dll
 0005:000009b0       \177python24_NULL_THUNK_DATA 102359b0     python24:python24.dll

 entry point at        0002:000004ba

